This file contains any messages produced by compilers while
running configure, to aid debugging if configure makes a mistake.

It was created by iverilog configure 14.0 (devel), which was
generated by GNU Autoconf 2.71.  Invocation command line was

  $ ./configure --build=x86_64-linux-gnu --host=wasm32-unknown-emscripten CFLAGS=-O2 CXXFLAGS=-O2

## --------- ##
## Platform. ##
## --------- ##

hostname = 1eafdb78ee6f
uname -m = x86_64
uname -r = 6.17.0-1022-azure
uname -s = Linux
uname -v = #22-Ubuntu SMP Mon Jul 27 17:24:03 UTC 2026

/usr/bin/uname -p = x86_64
/bin/uname -X     = unknown

/bin/arch              = x86_64
/usr/bin/arch -k       = unknown
/usr/convex/getsysinfo = unknown
/usr/bin/hostinfo      = unknown
/bin/machine           = unknown
/usr/bin/oslevel       = unknown
/bin/universe          = unknown

PATH: /emsdk/upstream/emscripten/cache/sysroot/bin/
PATH: /emsdk/
PATH: /emsdk/upstream/emscripten/
PATH: /emsdk/node/22.16.0_64bit/bin/
PATH: /usr/local/sbin/
PATH: /usr/local/bin/
PATH: /usr/sbin/
PATH: /usr/bin/
PATH: /sbin/
PATH: /bin/


## ----------- ##
## Core tests. ##
## ----------- ##

configure:3073: looking for aux files: install-sh config.guess config.sub
configure:3086:  trying ./
configure:3097:   ./install-sh found
configure:3115:   ./config.guess found
configure:3115:   ./config.sub found
configure:3275: checking build system type
configure:3290: result: x86_64-pc-linux-gnu
configure:3310: checking host system type
configure:3324: result: wasm32-unknown-emscripten
configure:3361: checking for wasm32-unknown-emscripten-gcc
configure:3393: result: /emsdk/upstream/emscripten/emcc
configure:3791: checking for C compiler version
configure:3800: /emsdk/upstream/emscripten/emcc --version >&5
emcc (Emscripten gcc/clang-like replacement + linker emulating GNU ld) 5.0.4 (62e22652509fbe7a00609ce48a653d0d66f27ba5)
Copyright (C) 2026 the Emscripten authors (see AUTHORS.txt)
This is free and open source software under the MIT license.
There is NO warranty; not even for MERCHANTABILITY or FITNESS FOR A PARTICULAR PURPOSE.

configure:3811: $? = 0
configure:3800: /emsdk/upstream/emscripten/emcc -v >&5
emcc (Emscripten gcc/clang-like replacement + linker emulating GNU ld) 5.0.4 (62e22652509fbe7a00609ce48a653d0d66f27ba5)
clang version 23.0.0git (https:/github.com/llvm/llvm-project dcaab6dd99a33edbf98ad1ade0ea0d196b797910)
Target: wasm32-unknown-emscripten
Thread model: posix
InstalledDir: /emsdk/upstream/bin
configure:3811: $? = 0
configure:3800: /emsdk/upstream/emscripten/emcc -V >&5
emcc: error: no input files
configure:3811: $? = 1
configure:3800: /emsdk/upstream/emscripten/emcc -qversion >&5
emcc: error: no input files
configure:3811: $? = 1
configure:3800: /emsdk/upstream/emscripten/emcc -version >&5
emcc: error: no input files
configure:3811: $? = 1
configure:3831: checking whether the C compiler works
configure:3853: /emsdk/upstream/emscripten/emcc -O2   conftest.c  >&5
configure:3857: $? = 0
configure:3907: result: yes
configure:3910: checking for C compiler default output file name
configure:3912: result: a.out
configure:3918: checking for suffix of executables
configure:3925: /emsdk/upstream/emscripten/emcc -o conftest -O2   conftest.c  >&5
configure:3929: $? = 0
configure:3952: result: 
configure:3974: checking whether we are cross compiling
configure:4012: result: yes
configure:4017: checking for suffix of object files
configure:4040: /emsdk/upstream/emscripten/emcc -c -O2  conftest.c >&5
configure:4044: $? = 0
configure:4066: result: o
configure:4070: checking whether the compiler supports GNU C
configure:4090: /emsdk/upstream/emscripten/emcc -c -O2  conftest.c >&5
configure:4090: $? = 0
configure:4100: result: yes
configure:4111: checking whether /emsdk/upstream/emscripten/emcc accepts -g
configure:4132: /emsdk/upstream/emscripten/emcc -c -g  conftest.c >&5
configure:4132: $? = 0
configure:4176: result: yes
configure:4196: checking for /emsdk/upstream/emscripten/emcc option to enable C11 features
configure:4211: /emsdk/upstream/emscripten/emcc  -c -O2  conftest.c >&5
conftest.c:23:14: warning: a function definition without a prototype is deprecated in all versions of C and is not supported in C23 [-Wdeprecated-non-prototype]
   23 | static char *e (p, i)
      |              ^
1 warning generated.
configure:4211: $? = 0
configure:4229: result: none needed
configure:4344: checking how to run the C preprocessor
configure:4370: /emsdk/upstream/emscripten/emcc -E  conftest.c
configure:4370: $? = 0
configure:4385: /emsdk/upstream/emscripten/emcc -E  conftest.c
conftest.c:9:10: fatal error: 'ac_nonexistent.h' file not found
    9 | #include <ac_nonexistent.h>
      |          ^~~~~~~~~~~~~~~~~~
1 error generated.
configure:4385: $? = 1
configure: failed program was:
| /* confdefs.h */
| #define PACKAGE_NAME "iverilog"
| #define PACKAGE_TARNAME "iverilog"
| #define PACKAGE_VERSION "14.0 (devel)"
| #define PACKAGE_STRING "iverilog 14.0 (devel)"
| #define PACKAGE_BUGREPORT ""
| #define PACKAGE_URL ""
| /* end confdefs.h.  */
| #include <ac_nonexistent.h>
configure:4412: result: /emsdk/upstream/emscripten/emcc -E
configure:4426: /emsdk/upstream/emscripten/emcc -E  conftest.c
configure:4426: $? = 0
configure:4441: /emsdk/upstream/emscripten/emcc -E  conftest.c
conftest.c:9:10: fatal error: 'ac_nonexistent.h' file not found
    9 | #include <ac_nonexistent.h>
      |          ^~~~~~~~~~~~~~~~~~
1 error generated.
configure:4441: $? = 1
configure: failed program was:
| /* confdefs.h */
| #define PACKAGE_NAME "iverilog"
| #define PACKAGE_TARNAME "iverilog"
| #define PACKAGE_VERSION "14.0 (devel)"
| #define PACKAGE_STRING "iverilog 14.0 (devel)"
| #define PACKAGE_BUGREPORT ""
| #define PACKAGE_URL ""
| /* end confdefs.h.  */
| #include <ac_nonexistent.h>
configure:4519: checking for x86_64-pc-linux-gnu-gcc
configure:4554: result: no
configure:4564: checking for gcc
configure:4585: found /usr/bin/gcc
configure:4596: result: gcc
configure:4949: checking for C compiler version
configure:4958: gcc --version >&5
gcc (Ubuntu 13.3.0-6ubuntu2~24.04.1) 13.3.0
Copyright (C) 2023 Free Software Foundation, Inc.
This is free software; see the source for copying conditions.  There is NO
warranty; not even for MERCHANTABILITY or FITNESS FOR A PARTICULAR PURPOSE.

configure:4969: $? = 0
configure:4958: gcc -v >&5
Using built-in specs.
COLLECT_GCC=gcc
COLLECT_LTO_WRAPPER=/usr/libexec/gcc/x86_64-linux-gnu/13/lto-wrapper
OFFLOAD_TARGET_NAMES=nvptx-none:amdgcn-amdhsa
OFFLOAD_TARGET_DEFAULT=1
Target: x86_64-linux-gnu
Configured with: ../src/configure -v --with-pkgversion='Ubuntu 13.3.0-6ubuntu2~24.04.1' --with-bugurl=file:///usr/share/doc/gcc-13/README.Bugs --enable-languages=c,ada,c++,go,d,fortran,objc,obj-c++,m2 --prefix=/usr --with-gcc-major-version-only --program-suffix=-13 --program-prefix=x86_64-linux-gnu- --enable-shared --enable-linker-build-id --libexecdir=/usr/libexec --without-included-gettext --enable-threads=posix --libdir=/usr/lib --enable-nls --enable-bootstrap --enable-clocale=gnu --enable-libstdcxx-debug --enable-libstdcxx-time=yes --with-default-libstdcxx-abi=new --enable-libstdcxx-backtrace --enable-gnu-unique-object --disable-vtable-verify --enable-plugin --enable-default-pie --with-system-zlib --enable-libphobos-checking=release --with-target-system-zlib=auto --enable-objc-gc=auto --enable-multiarch --disable-werror --enable-cet --with-arch-32=i686 --with-abi=m64 --with-multilib-list=m32,m64,mx32 --enable-multilib --with-tune=generic --enable-offload-targets=nvptx-none=/build/gcc-13-EldibY/gcc-13-13.3.0/debian/tmp-nvptx/usr,amdgcn-amdhsa=/build/gcc-13-EldibY/gcc-13-13.3.0/debian/tmp-gcn/usr --enable-offload-defaulted --without-cuda-driver --enable-checking=release --build=x86_64-linux-gnu --host=x86_64-linux-gnu --target=x86_64-linux-gnu --with-build-config=bootstrap-lto-lean --enable-link-serialization=2
Thread model: posix
Supported LTO compression algorithms: zlib zstd
gcc version 13.3.0 (Ubuntu 13.3.0-6ubuntu2~24.04.1) 
... rest of stderr output deleted ...
configure:4969: $? = 0
configure:4958: gcc -V >&5
gcc: error: unrecognized command-line option '-V'
gcc: fatal error: no input files
compilation terminated.
configure:4969: $? = 1
configure:4958: gcc -qversion >&5
gcc: error: unrecognized command-line option '-qversion'; did you mean '--version'?
gcc: fatal error: no input files
compilation terminated.
configure:4969: $? = 1
configure:4958: gcc -version >&5
gcc: error: unrecognized command-line option '-version'
gcc: fatal error: no input files
compilation terminated.
configure:4969: $? = 1
configure:4973: checking whether the compiler supports GNU C
configure:4993: gcc -c   conftest.c >&5
configure:4993: $? = 0
configure:5003: result: yes
configure:5014: checking whether gcc accepts -g
configure:5035: gcc -c -g  conftest.c >&5
configure:5035: $? = 0
configure:5079: result: yes
configure:5099: checking for gcc option to enable C11 features
configure:5114: gcc  -c -g -O2  conftest.c >&5
configure:5114: $? = 0
configure:5132: result: none needed
configure:5258: checking whether the C compiler works
configure:5280: gcc -g -O2   conftest.c  >&5
configure:5284: $? = 0
configure:5334: result: yes
configure:5337: checking for C compiler default output file name
configure:5339: result: a.out
configure:5345: checking for suffix of executables
configure:5352: gcc -o conftest -g -O2   conftest.c  >&5
configure:5356: $? = 0
configure:5379: result: 
configure:5401: checking whether we are cross compiling
configure:5409: gcc -o conftest -g -O2   conftest.c  >&5
configure:5413: $? = 0
configure:5420: ./conftest
configure:5424: $? = 0
configure:5439: result: no
configure:5445: checking for suffix of object files
configure:5468: gcc -c -g -O2  conftest.c >&5
configure:5472: $? = 0
configure:5494: result: o
configure:5504: checking how to run the C preprocessor
configure:5530: gcc -E  conftest.c
configure:5530: $? = 0
configure:5545: gcc -E  conftest.c
conftest.c:9:10: fatal error: ac_nonexistent.h: No such file or directory
    9 | #include <ac_nonexistent.h>
      |          ^~~~~~~~~~~~~~~~~~
compilation terminated.
configure:5545: $? = 1
configure: failed program was:
| /* confdefs.h */
| #define PACKAGE_NAME "iverilog"
| #define PACKAGE_TARNAME "iverilog"
| #define PACKAGE_VERSION "14.0 (devel)"
| #define PACKAGE_STRING "iverilog 14.0 (devel)"
| #define PACKAGE_BUGREPORT ""
| #define PACKAGE_URL ""
| /* end confdefs.h.  */
| #include <ac_nonexistent.h>
configure:5572: result: gcc -E
configure:5586: gcc -E  conftest.c
configure:5586: $? = 0
configure:5601: gcc -E  conftest.c
conftest.c:9:10: fatal error: ac_nonexistent.h: No such file or directory
    9 | #include <ac_nonexistent.h>
      |          ^~~~~~~~~~~~~~~~~~
compilation terminated.
configure:5601: $? = 1
configure: failed program was:
| /* confdefs.h */
| #define PACKAGE_NAME "iverilog"
| #define PACKAGE_TARNAME "iverilog"
| #define PACKAGE_VERSION "14.0 (devel)"
| #define PACKAGE_STRING "iverilog 14.0 (devel)"
| #define PACKAGE_BUGREPORT ""
| #define PACKAGE_URL ""
| /* end confdefs.h.  */
| #include <ac_nonexistent.h>
configure:5780: checking for C++ compiler version
configure:5789: /emsdk/upstream/emscripten/em++ --version >&5
emcc (Emscripten gcc/clang-like replacement + linker emulating GNU ld) 5.0.4 (62e22652509fbe7a00609ce48a653d0d66f27ba5)
Copyright (C) 2026 the Emscripten authors (see AUTHORS.txt)
This is free and open source software under the MIT license.
There is NO warranty; not even for MERCHANTABILITY or FITNESS FOR A PARTICULAR PURPOSE.

configure:5800: $? = 0
configure:5789: /emsdk/upstream/emscripten/em++ -v >&5
emcc (Emscripten gcc/clang-like replacement + linker emulating GNU ld) 5.0.4 (62e22652509fbe7a00609ce48a653d0d66f27ba5)
clang version 23.0.0git (https:/github.com/llvm/llvm-project dcaab6dd99a33edbf98ad1ade0ea0d196b797910)
Target: wasm32-unknown-emscripten
Thread model: posix
InstalledDir: /emsdk/upstream/bin
configure:5800: $? = 0
configure:5789: /emsdk/upstream/emscripten/em++ -V >&5
em++: error: no input files
configure:5800: $? = 1
configure:5789: /emsdk/upstream/emscripten/em++ -qversion >&5
em++: error: no input files
configure:5800: $? = 1
configure:5804: checking whether the compiler supports GNU C++
configure:5824: /emsdk/upstream/emscripten/em++ -c -O2  conftest.cpp >&5
configure:5824: $? = 0
configure:5834: result: yes
configure:5845: checking whether /emsdk/upstream/emscripten/em++ accepts -g
configure:5866: /emsdk/upstream/emscripten/em++ -c -g  conftest.cpp >&5
configure:5866: $? = 0
configure:5910: result: yes
configure:5930: checking for /emsdk/upstream/emscripten/em++ option to enable C++11 features
configure:5945: /emsdk/upstream/emscripten/em++  -c -O2  conftest.cpp >&5
conftest.cpp:175:25: warning: empty parentheses interpreted as a function declaration [-Wvexing-parse]
  175 |   cxx11test::delegate d2();
      |                         ^~
conftest.cpp:175:25: note: remove parentheses to declare a variable
  175 |   cxx11test::delegate d2();
      |                         ^~
1 warning generated.
configure:5945: $? = 0
configure:5963: result: none needed
configure:6051: checking whether /emsdk/upstream/emscripten/em++ supports C++11 features with -std=c++11
configure:6364: /emsdk/upstream/emscripten/em++ -std=c++11 -c -O2  conftest.cpp >&5
configure:6364: $? = 0
configure:6374: result: yes
configure:6417: checking for wasm32-unknown-emscripten-ranlib
configure:6449: result: /emsdk/upstream/emscripten/emranlib
configure:6519: checking for wasm32-unknown-emscripten-ld
configure:6551: result: /emsdk/upstream/emscripten/emcc
configure:6621: checking for wasm32-unknown-emscripten-ar
configure:6653: result: /emsdk/upstream/emscripten/emar
configure:6723: checking for wasm32-unknown-emscripten-strip
configure:6758: result: no
configure:6768: checking for strip
configure:6789: found /usr/bin/strip
configure:6800: result: strip
configure:6812: WARNING: using cross tools not prefixed with host triplet
configure:6825: checking for wasm32-unknown-emscripten-windres
configure:6860: result: no
configure:6870: checking for windres
configure:6905: result: no
configure:6928: checking for gperf
configure:6949: found /usr/bin/gperf
configure:6960: result: gperf
configure:6976: checking for man
configure:6997: found /usr/bin/man
configure:7008: result: man
configure:7024: checking for ps2pdf
configure:7059: result: no
configure:7072: checking for groff
configure:7107: result: no
configure:7120: checking for git
configure:7141: found /usr/bin/git
configure:7152: result: git
configure:7179: checking for flex
configure:7200: found /usr/bin/flex
configure:7211: result: flex
configure:7234: checking for bison
configure:7255: found /usr/bin/bison
configure:7266: result: bison
configure:7293: checking for Microsoft Windows
configure:7304: result: no
configure:7315: checking for directory/file separator
configure:7329: result: /
configure:7338: checking for /emsdk/upstream/emscripten/emcc options needed to detect all undeclared functions
configure:7360: /emsdk/upstream/emscripten/emcc -c -O2   conftest.c >&5
conftest.c:14:8: error: call to undeclared library function 'strchr' with type 'char *(const char *, int)'; ISO C99 and later do not support implicit function declarations [-Wimplicit-function-declaration]
   14 | (void) strchr;
      |        ^
conftest.c:14:8: note: include the header <string.h> or explicitly provide a declaration for 'strchr'
1 error generated.
configure:7360: $? = 1
configure: failed program was:
| /* confdefs.h */
| #define PACKAGE_NAME "iverilog"
| #define PACKAGE_TARNAME "iverilog"
| #define PACKAGE_VERSION "14.0 (devel)"
| #define PACKAGE_STRING "iverilog 14.0 (devel)"
| #define PACKAGE_BUGREPORT ""
| #define PACKAGE_URL ""
| #define HAVE_CXX11 1
| /* end confdefs.h.  */
| 
| int
| main (void)
| {
| (void) strchr;
|   ;
|   return 0;
| }
configure:7387: /emsdk/upstream/emscripten/emcc -c -O2   conftest.c >&5
configure:7387: $? = 0
configure:7404: result: none needed
configure:7422: checking for stdio.h
configure:7422: /emsdk/upstream/emscripten/emcc -c -O2  conftest.c >&5
configure:7422: $? = 0
configure:7422: result: yes
configure:7422: checking for stdlib.h
configure:7422: /emsdk/upstream/emscripten/emcc -c -O2  conftest.c >&5
configure:7422: $? = 0
configure:7422: result: yes
configure:7422: checking for string.h
configure:7422: /emsdk/upstream/emscripten/emcc -c -O2  conftest.c >&5
configure:7422: $? = 0
configure:7422: result: yes
configure:7422: checking for inttypes.h
configure:7422: /emsdk/upstream/emscripten/emcc -c -O2  conftest.c >&5
configure:7422: $? = 0
configure:7422: result: yes
configure:7422: checking for stdint.h
configure:7422: /emsdk/upstream/emscripten/emcc -c -O2  conftest.c >&5
configure:7422: $? = 0
configure:7422: result: yes
configure:7422: checking for strings.h
configure:7422: /emsdk/upstream/emscripten/emcc -c -O2  conftest.c >&5
configure:7422: $? = 0
configure:7422: result: yes
configure:7422: checking for sys/stat.h
configure:7422: /emsdk/upstream/emscripten/emcc -c -O2  conftest.c >&5
configure:7422: $? = 0
configure:7422: result: yes
configure:7422: checking for sys/types.h
configure:7422: /emsdk/upstream/emscripten/emcc -c -O2  conftest.c >&5
configure:7422: $? = 0
configure:7422: result: yes
configure:7422: checking for unistd.h
configure:7422: /emsdk/upstream/emscripten/emcc -c -O2  conftest.c >&5
configure:7422: $? = 0
configure:7422: result: yes
configure:7447: checking whether __SUNPRO_C is declared
configure:7447: /emsdk/upstream/emscripten/emcc -c -O2   conftest.c >&5
conftest.c:55:10: error: use of undeclared identifier '__SUNPRO_C'
   55 |   (void) __SUNPRO_C;
      |          ^~~~~~~~~~
1 error generated.
configure:7447: $? = 1
configure: failed program was:
| /* confdefs.h */
| #define PACKAGE_NAME "iverilog"
| #define PACKAGE_TARNAME "iverilog"
| #define PACKAGE_VERSION "14.0 (devel)"
| #define PACKAGE_STRING "iverilog 14.0 (devel)"
| #define PACKAGE_BUGREPORT ""
| #define PACKAGE_URL ""
| #define HAVE_CXX11 1
| #define HAVE_STDIO_H 1
| #define HAVE_STDLIB_H 1
| #define HAVE_STRING_H 1
| #define HAVE_INTTYPES_H 1
| #define HAVE_STDINT_H 1
| #define HAVE_STRINGS_H 1
| #define HAVE_SYS_STAT_H 1
| #define HAVE_SYS_TYPES_H 1
| #define HAVE_UNISTD_H 1
| #define STDC_HEADERS 1
| /* end confdefs.h.  */
| #include <stddef.h>
| #ifdef HAVE_STDIO_H
| # include <stdio.h>
| #endif
| #ifdef HAVE_STDLIB_H
| # include <stdlib.h>
| #endif
| #ifdef HAVE_STRING_H
| # include <string.h>
| #endif
| #ifdef HAVE_INTTYPES_H
| # include <inttypes.h>
| #endif
| #ifdef HAVE_STDINT_H
| # include <stdint.h>
| #endif
| #ifdef HAVE_STRINGS_H
| # include <strings.h>
| #endif
| #ifdef HAVE_SYS_TYPES_H
| # include <sys/types.h>
| #endif
| #ifdef HAVE_SYS_STAT_H
| # include <sys/stat.h>
| #endif
| #ifdef HAVE_UNISTD_H
| # include <unistd.h>
| #endif
| int
| main (void)
| {
| #ifndef __SUNPRO_C
| #ifdef __cplusplus
|   (void) __SUNPRO_C;
| #else
|   (void) __SUNPRO_C;
| #endif
| #endif
| 
|   ;
|   return 0;
| }
configure:7447: result: no
configure:7466: checking if gcc supports -Wextra
configure:7479: /emsdk/upstream/emscripten/emcc -c -Wextra -O2  conftest.c >&5
configure:7479: $? = 0
configure:7481: result: yes
configure:7540: checking for /emsdk/upstream/emscripten/em++ -std=c++11 options needed to detect all undeclared functions
configure:7562: /emsdk/upstream/emscripten/em++ -std=c++11 -c  -O2 -std=c++11  conftest.cpp >&5
conftest.cpp:24:8: error: use of undeclared identifier 'strchr'
   24 | (void) strchr;
      |        ^~~~~~
1 error generated.
configure:7562: $? = 1
configure: failed program was:
| /* confdefs.h */
| #define PACKAGE_NAME "iverilog"
| #define PACKAGE_TARNAME "iverilog"
| #define PACKAGE_VERSION "14.0 (devel)"
| #define PACKAGE_STRING "iverilog 14.0 (devel)"
| #define PACKAGE_BUGREPORT ""
| #define PACKAGE_URL ""
| #define HAVE_CXX11 1
| #define HAVE_STDIO_H 1
| #define HAVE_STDLIB_H 1
| #define HAVE_STRING_H 1
| #define HAVE_INTTYPES_H 1
| #define HAVE_STDINT_H 1
| #define HAVE_STRINGS_H 1
| #define HAVE_SYS_STAT_H 1
| #define HAVE_SYS_TYPES_H 1
| #define HAVE_UNISTD_H 1
| #define STDC_HEADERS 1
| /* end confdefs.h.  */
| 
| int
| main (void)
| {
| (void) strchr;
|   ;
|   return 0;
| }
configure:7589: /emsdk/upstream/emscripten/em++ -std=c++11 -c  -O2 -std=c++11  conftest.cpp >&5
configure:7589: $? = 0
configure:7606: result: none needed
configure:7620: checking whether __SUNPRO_CC is declared
configure:7620: /emsdk/upstream/emscripten/em++ -std=c++11 -c  -O2 -std=c++11   conftest.cpp >&5
conftest.cpp:53:10: error: use of undeclared identifier '__SUNPRO_CC'
   53 |   (void) __SUNPRO_CC;
      |          ^~~~~~~~~~~
1 error generated.
configure:7620: $? = 1
configure: failed program was:
| /* confdefs.h */
| #define PACKAGE_NAME "iverilog"
| #define PACKAGE_TARNAME "iverilog"
| #define PACKAGE_VERSION "14.0 (devel)"
| #define PACKAGE_STRING "iverilog 14.0 (devel)"
| #define PACKAGE_BUGREPORT ""
| #define PACKAGE_URL ""
| #define HAVE_CXX11 1
| #define HAVE_STDIO_H 1
| #define HAVE_STDLIB_H 1
| #define HAVE_STRING_H 1
| #define HAVE_INTTYPES_H 1
| #define HAVE_STDINT_H 1
| #define HAVE_STRINGS_H 1
| #define HAVE_SYS_STAT_H 1
| #define HAVE_SYS_TYPES_H 1
| #define HAVE_UNISTD_H 1
| #define STDC_HEADERS 1
| /* end confdefs.h.  */
| #include <stddef.h>
| #ifdef HAVE_STDIO_H
| # include <stdio.h>
| #endif
| #ifdef HAVE_STDLIB_H
| # include <stdlib.h>
| #endif
| #ifdef HAVE_STRING_H
| # include <string.h>
| #endif
| #ifdef HAVE_INTTYPES_H
| # include <inttypes.h>
| #endif
| #ifdef HAVE_STDINT_H
| # include <stdint.h>
| #endif
| #ifdef HAVE_STRINGS_H
| # include <strings.h>
| #endif
| #ifdef HAVE_SYS_TYPES_H
| # include <sys/types.h>
| #endif
| #ifdef HAVE_SYS_STAT_H
| # include <sys/stat.h>
| #endif
| #ifdef HAVE_UNISTD_H
| # include <unistd.h>
| #endif
| int
| main (void)
| {
| #ifndef __SUNPRO_CC
| #ifdef __cplusplus
|   (void) __SUNPRO_CC;
| #else
|   (void) __SUNPRO_CC;
| #endif
| #endif
| 
|   ;
|   return 0;
| }
configure:7620: result: no
configure:7647: checking for getopt.h
configure:7647: /emsdk/upstream/emscripten/em++ -std=c++11 -c -DHAVE_DECL_BASENAME  -O2 -std=c++11  conftest.cpp >&5
configure:7647: $? = 0
configure:7647: result: yes
configure:7653: checking for inttypes.h
configure:7653: result: yes
configure:7659: checking for libiberty.h
configure:7659: /emsdk/upstream/emscripten/em++ -std=c++11 -c -DHAVE_DECL_BASENAME  -O2 -std=c++11  conftest.cpp >&5
conftest.cpp:50:10: fatal error: 'libiberty.h' file not found
   50 | #include <libiberty.h>
      |          ^~~~~~~~~~~~~
1 error generated.
configure:7659: $? = 1
configure: failed program was:
| /* confdefs.h */
| #define PACKAGE_NAME "iverilog"
| #define PACKAGE_TARNAME "iverilog"
| #define PACKAGE_VERSION "14.0 (devel)"
| #define PACKAGE_STRING "iverilog 14.0 (devel)"
| #define PACKAGE_BUGREPORT ""
| #define PACKAGE_URL ""
| #define HAVE_CXX11 1
| #define HAVE_STDIO_H 1
| #define HAVE_STDLIB_H 1
| #define HAVE_STRING_H 1
| #define HAVE_INTTYPES_H 1
| #define HAVE_STDINT_H 1
| #define HAVE_STRINGS_H 1
| #define HAVE_SYS_STAT_H 1
| #define HAVE_SYS_TYPES_H 1
| #define HAVE_UNISTD_H 1
| #define STDC_HEADERS 1
| #define HAVE_GETOPT_H 1
| #define HAVE_INTTYPES_H 1
| /* end confdefs.h.  */
| #include <stddef.h>
| #ifdef HAVE_STDIO_H
| # include <stdio.h>
| #endif
| #ifdef HAVE_STDLIB_H
| # include <stdlib.h>
| #endif
| #ifdef HAVE_STRING_H
| # include <string.h>
| #endif
| #ifdef HAVE_INTTYPES_H
| # include <inttypes.h>
| #endif
| #ifdef HAVE_STDINT_H
| # include <stdint.h>
| #endif
| #ifdef HAVE_STRINGS_H
| # include <strings.h>
| #endif
| #ifdef HAVE_SYS_TYPES_H
| # include <sys/types.h>
| #endif
| #ifdef HAVE_SYS_STAT_H
| # include <sys/stat.h>
| #endif
| #ifdef HAVE_UNISTD_H
| # include <unistd.h>
| #endif
| #include <libiberty.h>
configure:7659: result: no
configure:7665: checking for iosfwd
configure:7665: /emsdk/upstream/emscripten/em++ -std=c++11 -c -DHAVE_DECL_BASENAME  -O2 -std=c++11  conftest.cpp >&5
configure:7665: $? = 0
configure:7665: result: yes
configure:7671: checking for sys/wait.h
configure:7671: /emsdk/upstream/emscripten/em++ -std=c++11 -c -DHAVE_DECL_BASENAME  -O2 -std=c++11  conftest.cpp >&5
configure:7671: $? = 0
configure:7671: result: yes
configure:7684: checking size of unsigned long long
configure:7690: /emsdk/upstream/emscripten/em++ -std=c++11 -c  -O2 -std=c++11  conftest.cpp >&5
configure:7690: $? = 0
configure:7690: /emsdk/upstream/emscripten/em++ -std=c++11 -c  -O2 -std=c++11  conftest.cpp >&5
conftest.cpp:55:24: error: 'test_array' declared as an array with a negative size
   55 | static int test_array [1 - 2 * !(((long int) (sizeof (unsigned long long))) <= 0)];
      |                        ^~~~~~~~~~~~~~~~~~~~~~~~~~~~~~~~~~~~~~~~~~~~~~~~~~~~~~~~~~
1 error generated.
configure:7690: $? = 1
configure: failed program was:
| /* confdefs.h */
| #define PACKAGE_NAME "iverilog"
| #define PACKAGE_TARNAME "iverilog"
| #define PACKAGE_VERSION "14.0 (devel)"
| #define PACKAGE_STRING "iverilog 14.0 (devel)"
| #define PACKAGE_BUGREPORT ""
| #define PACKAGE_URL ""
| #define HAVE_CXX11 1
| #define HAVE_STDIO_H 1
| #define HAVE_STDLIB_H 1
| #define HAVE_STRING_H 1
| #define HAVE_INTTYPES_H 1
| #define HAVE_STDINT_H 1
| #define HAVE_STRINGS_H 1
| #define HAVE_SYS_STAT_H 1
| #define HAVE_SYS_TYPES_H 1
| #define HAVE_UNISTD_H 1
| #define STDC_HEADERS 1
| #define HAVE_GETOPT_H 1
| #define HAVE_INTTYPES_H 1
| #define HAVE_IOSFWD 1
| #define HAVE_SYS_WAIT_H 1
| /* end confdefs.h.  */
| #include <stddef.h>
| #ifdef HAVE_STDIO_H
| # include <stdio.h>
| #endif
| #ifdef HAVE_STDLIB_H
| # include <stdlib.h>
| #endif
| #ifdef HAVE_STRING_H
| # include <string.h>
| #endif
| #ifdef HAVE_INTTYPES_H
| # include <inttypes.h>
| #endif
| #ifdef HAVE_STDINT_H
| # include <stdint.h>
| #endif
| #ifdef HAVE_STRINGS_H
| # include <strings.h>
| #endif
| #ifdef HAVE_SYS_TYPES_H
| # include <sys/types.h>
| #endif
| #ifdef HAVE_SYS_STAT_H
| # include <sys/stat.h>
| #endif
| #ifdef HAVE_UNISTD_H
| # include <unistd.h>
| #endif
| int
| main (void)
| {
| static int test_array [1 - 2 * !(((long int) (sizeof (unsigned long long))) <= 0)];
| test_array [0] = 0;
| return test_array [0];
| 
|   ;
|   return 0;
| }
configure:7690: /emsdk/upstream/emscripten/em++ -std=c++11 -c  -O2 -std=c++11  conftest.cpp >&5
conftest.cpp:55:24: error: 'test_array' declared as an array with a negative size
   55 | static int test_array [1 - 2 * !(((long int) (sizeof (unsigned long long))) <= 1)];
      |                        ^~~~~~~~~~~~~~~~~~~~~~~~~~~~~~~~~~~~~~~~~~~~~~~~~~~~~~~~~~
1 error generated.
configure:7690: $? = 1
configure: failed program was:
| /* confdefs.h */
| #define PACKAGE_NAME "iverilog"
| #define PACKAGE_TARNAME "iverilog"
| #define PACKAGE_VERSION "14.0 (devel)"
| #define PACKAGE_STRING "iverilog 14.0 (devel)"
| #define PACKAGE_BUGREPORT ""
| #define PACKAGE_URL ""
| #define HAVE_CXX11 1
| #define HAVE_STDIO_H 1
| #define HAVE_STDLIB_H 1
| #define HAVE_STRING_H 1
| #define HAVE_INTTYPES_H 1
| #define HAVE_STDINT_H 1
| #define HAVE_STRINGS_H 1
| #define HAVE_SYS_STAT_H 1
| #define HAVE_SYS_TYPES_H 1
| #define HAVE_UNISTD_H 1
| #define STDC_HEADERS 1
| #define HAVE_GETOPT_H 1
| #define HAVE_INTTYPES_H 1
| #define HAVE_IOSFWD 1
| #define HAVE_SYS_WAIT_H 1
| /* end confdefs.h.  */
| #include <stddef.h>
| #ifdef HAVE_STDIO_H
| # include <stdio.h>
| #endif
| #ifdef HAVE_STDLIB_H
| # include <stdlib.h>
| #endif
| #ifdef HAVE_STRING_H
| # include <string.h>
| #endif
| #ifdef HAVE_INTTYPES_H
| # include <inttypes.h>
| #endif
| #ifdef HAVE_STDINT_H
| # include <stdint.h>
| #endif
| #ifdef HAVE_STRINGS_H
| # include <strings.h>
| #endif
| #ifdef HAVE_SYS_TYPES_H
| # include <sys/types.h>
| #endif
| #ifdef HAVE_SYS_STAT_H
| # include <sys/stat.h>
| #endif
| #ifdef HAVE_UNISTD_H
| # include <unistd.h>
| #endif
| int
| main (void)
| {
| static int test_array [1 - 2 * !(((long int) (sizeof (unsigned long long))) <= 1)];
| test_array [0] = 0;
| return test_array [0];
| 
|   ;
|   return 0;
| }
configure:7690: /emsdk/upstream/emscripten/em++ -std=c++11 -c  -O2 -std=c++11  conftest.cpp >&5
conftest.cpp:55:24: error: 'test_array' declared as an array with a negative size
   55 | static int test_array [1 - 2 * !(((long int) (sizeof (unsigned long long))) <= 3)];
      |                        ^~~~~~~~~~~~~~~~~~~~~~~~~~~~~~~~~~~~~~~~~~~~~~~~~~~~~~~~~~
1 error generated.
configure:7690: $? = 1
configure: failed program was:
| /* confdefs.h */
| #define PACKAGE_NAME "iverilog"
| #define PACKAGE_TARNAME "iverilog"
| #define PACKAGE_VERSION "14.0 (devel)"
| #define PACKAGE_STRING "iverilog 14.0 (devel)"
| #define PACKAGE_BUGREPORT ""
| #define PACKAGE_URL ""
| #define HAVE_CXX11 1
| #define HAVE_STDIO_H 1
| #define HAVE_STDLIB_H 1
| #define HAVE_STRING_H 1
| #define HAVE_INTTYPES_H 1
| #define HAVE_STDINT_H 1
| #define HAVE_STRINGS_H 1
| #define HAVE_SYS_STAT_H 1
| #define HAVE_SYS_TYPES_H 1
| #define HAVE_UNISTD_H 1
| #define STDC_HEADERS 1
| #define HAVE_GETOPT_H 1
| #define HAVE_INTTYPES_H 1
| #define HAVE_IOSFWD 1
| #define HAVE_SYS_WAIT_H 1
| /* end confdefs.h.  */
| #include <stddef.h>
| #ifdef HAVE_STDIO_H
| # include <stdio.h>
| #endif
| #ifdef HAVE_STDLIB_H
| # include <stdlib.h>
| #endif
| #ifdef HAVE_STRING_H
| # include <string.h>
| #endif
| #ifdef HAVE_INTTYPES_H
| # include <inttypes.h>
| #endif
| #ifdef HAVE_STDINT_H
| # include <stdint.h>
| #endif
| #ifdef HAVE_STRINGS_H
| # include <strings.h>
| #endif
| #ifdef HAVE_SYS_TYPES_H
| # include <sys/types.h>
| #endif
| #ifdef HAVE_SYS_STAT_H
| # include <sys/stat.h>
| #endif
| #ifdef HAVE_UNISTD_H
| # include <unistd.h>
| #endif
| int
| main (void)
| {
| static int test_array [1 - 2 * !(((long int) (sizeof (unsigned long long))) <= 3)];
| test_array [0] = 0;
| return test_array [0];
| 
|   ;
|   return 0;
| }
configure:7690: /emsdk/upstream/emscripten/em++ -std=c++11 -c  -O2 -std=c++11  conftest.cpp >&5
conftest.cpp:55:24: error: 'test_array' declared as an array with a negative size
   55 | static int test_array [1 - 2 * !(((long int) (sizeof (unsigned long long))) <= 7)];
      |                        ^~~~~~~~~~~~~~~~~~~~~~~~~~~~~~~~~~~~~~~~~~~~~~~~~~~~~~~~~~
1 error generated.
configure:7690: $? = 1
configure: failed program was:
| /* confdefs.h */
| #define PACKAGE_NAME "iverilog"
| #define PACKAGE_TARNAME "iverilog"
| #define PACKAGE_VERSION "14.0 (devel)"
| #define PACKAGE_STRING "iverilog 14.0 (devel)"
| #define PACKAGE_BUGREPORT ""
| #define PACKAGE_URL ""
| #define HAVE_CXX11 1
| #define HAVE_STDIO_H 1
| #define HAVE_STDLIB_H 1
| #define HAVE_STRING_H 1
| #define HAVE_INTTYPES_H 1
| #define HAVE_STDINT_H 1
| #define HAVE_STRINGS_H 1
| #define HAVE_SYS_STAT_H 1
| #define HAVE_SYS_TYPES_H 1
| #define HAVE_UNISTD_H 1
| #define STDC_HEADERS 1
| #define HAVE_GETOPT_H 1
| #define HAVE_INTTYPES_H 1
| #define HAVE_IOSFWD 1
| #define HAVE_SYS_WAIT_H 1
| /* end confdefs.h.  */
| #include <stddef.h>
| #ifdef HAVE_STDIO_H
| # include <stdio.h>
| #endif
| #ifdef HAVE_STDLIB_H
| # include <stdlib.h>
| #endif
| #ifdef HAVE_STRING_H
| # include <string.h>
| #endif
| #ifdef HAVE_INTTYPES_H
| # include <inttypes.h>
| #endif
| #ifdef HAVE_STDINT_H
| # include <stdint.h>
| #endif
| #ifdef HAVE_STRINGS_H
| # include <strings.h>
| #endif
| #ifdef HAVE_SYS_TYPES_H
| # include <sys/types.h>
| #endif
| #ifdef HAVE_SYS_STAT_H
| # include <sys/stat.h>
| #endif
| #ifdef HAVE_UNISTD_H
| # include <unistd.h>
| #endif
| int
| main (void)
| {
| static int test_array [1 - 2 * !(((long int) (sizeof (unsigned long long))) <= 7)];
| test_array [0] = 0;
| return test_array [0];
| 
|   ;
|   return 0;
| }
configure:7690: /emsdk/upstream/emscripten/em++ -std=c++11 -c  -O2 -std=c++11  conftest.cpp >&5
configure:7690: $? = 0
configure:7690: /emsdk/upstream/emscripten/em++ -std=c++11 -c  -O2 -std=c++11  conftest.cpp >&5
configure:7690: $? = 0
configure:7690: /emsdk/upstream/emscripten/em++ -std=c++11 -c  -O2 -std=c++11  conftest.cpp >&5
configure:7690: $? = 0
configure:7690: /emsdk/upstream/emscripten/em++ -std=c++11 -c  -O2 -std=c++11  conftest.cpp >&5
configure:7690: $? = 0
configure:7705: result: 8
configure:7717: checking size of unsigned long
configure:7723: /emsdk/upstream/emscripten/em++ -std=c++11 -c  -O2 -std=c++11  conftest.cpp >&5
configure:7723: $? = 0
configure:7723: /emsdk/upstream/emscripten/em++ -std=c++11 -c  -O2 -std=c++11  conftest.cpp >&5
conftest.cpp:56:24: error: 'test_array' declared as an array with a negative size
   56 | static int test_array [1 - 2 * !(((long int) (sizeof (unsigned long))) <= 0)];
      |                        ^~~~~~~~~~~~~~~~~~~~~~~~~~~~~~~~~~~~~~~~~~~~~~~~~~~~~
1 error generated.
configure:7723: $? = 1
configure: failed program was:
| /* confdefs.h */
| #define PACKAGE_NAME "iverilog"
| #define PACKAGE_TARNAME "iverilog"
| #define PACKAGE_VERSION "14.0 (devel)"
| #define PACKAGE_STRING "iverilog 14.0 (devel)"
| #define PACKAGE_BUGREPORT ""
| #define PACKAGE_URL ""
| #define HAVE_CXX11 1
| #define HAVE_STDIO_H 1
| #define HAVE_STDLIB_H 1
| #define HAVE_STRING_H 1
| #define HAVE_INTTYPES_H 1
| #define HAVE_STDINT_H 1
| #define HAVE_STRINGS_H 1
| #define HAVE_SYS_STAT_H 1
| #define HAVE_SYS_TYPES_H 1
| #define HAVE_UNISTD_H 1
| #define STDC_HEADERS 1
| #define HAVE_GETOPT_H 1
| #define HAVE_INTTYPES_H 1
| #define HAVE_IOSFWD 1
| #define HAVE_SYS_WAIT_H 1
| #define SIZEOF_UNSIGNED_LONG_LONG 8
| /* end confdefs.h.  */
| #include <stddef.h>
| #ifdef HAVE_STDIO_H
| # include <stdio.h>
| #endif
| #ifdef HAVE_STDLIB_H
| # include <stdlib.h>
| #endif
| #ifdef HAVE_STRING_H
| # include <string.h>
| #endif
| #ifdef HAVE_INTTYPES_H
| # include <inttypes.h>
| #endif
| #ifdef HAVE_STDINT_H
| # include <stdint.h>
| #endif
| #ifdef HAVE_STRINGS_H
| # include <strings.h>
| #endif
| #ifdef HAVE_SYS_TYPES_H
| # include <sys/types.h>
| #endif
| #ifdef HAVE_SYS_STAT_H
| # include <sys/stat.h>
| #endif
| #ifdef HAVE_UNISTD_H
| # include <unistd.h>
| #endif
| int
| main (void)
| {
| static int test_array [1 - 2 * !(((long int) (sizeof (unsigned long))) <= 0)];
| test_array [0] = 0;
| return test_array [0];
| 
|   ;
|   return 0;
| }
configure:7723: /emsdk/upstream/emscripten/em++ -std=c++11 -c  -O2 -std=c++11  conftest.cpp >&5
conftest.cpp:56:24: error: 'test_array' declared as an array with a negative size
   56 | static int test_array [1 - 2 * !(((long int) (sizeof (unsigned long))) <= 1)];
      |                        ^~~~~~~~~~~~~~~~~~~~~~~~~~~~~~~~~~~~~~~~~~~~~~~~~~~~~
1 error generated.
configure:7723: $? = 1
configure: failed program was:
| /* confdefs.h */
| #define PACKAGE_NAME "iverilog"
| #define PACKAGE_TARNAME "iverilog"
| #define PACKAGE_VERSION "14.0 (devel)"
| #define PACKAGE_STRING "iverilog 14.0 (devel)"
| #define PACKAGE_BUGREPORT ""
| #define PACKAGE_URL ""
| #define HAVE_CXX11 1
| #define HAVE_STDIO_H 1
| #define HAVE_STDLIB_H 1
| #define HAVE_STRING_H 1
| #define HAVE_INTTYPES_H 1
| #define HAVE_STDINT_H 1
| #define HAVE_STRINGS_H 1
| #define HAVE_SYS_STAT_H 1
| #define HAVE_SYS_TYPES_H 1
| #define HAVE_UNISTD_H 1
| #define STDC_HEADERS 1
| #define HAVE_GETOPT_H 1
| #define HAVE_INTTYPES_H 1
| #define HAVE_IOSFWD 1
| #define HAVE_SYS_WAIT_H 1
| #define SIZEOF_UNSIGNED_LONG_LONG 8
| /* end confdefs.h.  */
| #include <stddef.h>
| #ifdef HAVE_STDIO_H
| # include <stdio.h>
| #endif
| #ifdef HAVE_STDLIB_H
| # include <stdlib.h>
| #endif
| #ifdef HAVE_STRING_H
| # include <string.h>
| #endif
| #ifdef HAVE_INTTYPES_H
| # include <inttypes.h>
| #endif
| #ifdef HAVE_STDINT_H
| # include <stdint.h>
| #endif
| #ifdef HAVE_STRINGS_H
| # include <strings.h>
| #endif
| #ifdef HAVE_SYS_TYPES_H
| # include <sys/types.h>
| #endif
| #ifdef HAVE_SYS_STAT_H
| # include <sys/stat.h>
| #endif
| #ifdef HAVE_UNISTD_H
| # include <unistd.h>
| #endif
| int
| main (void)
| {
| static int test_array [1 - 2 * !(((long int) (sizeof (unsigned long))) <= 1)];
| test_array [0] = 0;
| return test_array [0];
| 
|   ;
|   return 0;
| }
configure:7723: /emsdk/upstream/emscripten/em++ -std=c++11 -c  -O2 -std=c++11  conftest.cpp >&5
conftest.cpp:56:24: error: 'test_array' declared as an array with a negative size
   56 | static int test_array [1 - 2 * !(((long int) (sizeof (unsigned long))) <= 3)];
      |                        ^~~~~~~~~~~~~~~~~~~~~~~~~~~~~~~~~~~~~~~~~~~~~~~~~~~~~
1 error generated.
configure:7723: $? = 1
configure: failed program was:
| /* confdefs.h */
| #define PACKAGE_NAME "iverilog"
| #define PACKAGE_TARNAME "iverilog"
| #define PACKAGE_VERSION "14.0 (devel)"
| #define PACKAGE_STRING "iverilog 14.0 (devel)"
| #define PACKAGE_BUGREPORT ""
| #define PACKAGE_URL ""
| #define HAVE_CXX11 1
| #define HAVE_STDIO_H 1
| #define HAVE_STDLIB_H 1
| #define HAVE_STRING_H 1
| #define HAVE_INTTYPES_H 1
| #define HAVE_STDINT_H 1
| #define HAVE_STRINGS_H 1
| #define HAVE_SYS_STAT_H 1
| #define HAVE_SYS_TYPES_H 1
| #define HAVE_UNISTD_H 1
| #define STDC_HEADERS 1
| #define HAVE_GETOPT_H 1
| #define HAVE_INTTYPES_H 1
| #define HAVE_IOSFWD 1
| #define HAVE_SYS_WAIT_H 1
| #define SIZEOF_UNSIGNED_LONG_LONG 8
| /* end confdefs.h.  */
| #include <stddef.h>
| #ifdef HAVE_STDIO_H
| # include <stdio.h>
| #endif
| #ifdef HAVE_STDLIB_H
| # include <stdlib.h>
| #endif
| #ifdef HAVE_STRING_H
| # include <string.h>
| #endif
| #ifdef HAVE_INTTYPES_H
| # include <inttypes.h>
| #endif
| #ifdef HAVE_STDINT_H
| # include <stdint.h>
| #endif
| #ifdef HAVE_STRINGS_H
| # include <strings.h>
| #endif
| #ifdef HAVE_SYS_TYPES_H
| # include <sys/types.h>
| #endif
| #ifdef HAVE_SYS_STAT_H
| # include <sys/stat.h>
| #endif
| #ifdef HAVE_UNISTD_H
| # include <unistd.h>
| #endif
| int
| main (void)
| {
| static int test_array [1 - 2 * !(((long int) (sizeof (unsigned long))) <= 3)];
| test_array [0] = 0;
| return test_array [0];
| 
|   ;
|   return 0;
| }
configure:7723: /emsdk/upstream/emscripten/em++ -std=c++11 -c  -O2 -std=c++11  conftest.cpp >&5
configure:7723: $? = 0
configure:7723: /emsdk/upstream/emscripten/em++ -std=c++11 -c  -O2 -std=c++11  conftest.cpp >&5
configure:7723: $? = 0
configure:7723: /emsdk/upstream/emscripten/em++ -std=c++11 -c  -O2 -std=c++11  conftest.cpp >&5
configure:7723: $? = 0
configure:7738: result: 4
configure:7750: checking size of unsigned
configure:7756: /emsdk/upstream/emscripten/em++ -std=c++11 -c  -O2 -std=c++11  conftest.cpp >&5
configure:7756: $? = 0
configure:7756: /emsdk/upstream/emscripten/em++ -std=c++11 -c  -O2 -std=c++11  conftest.cpp >&5
conftest.cpp:57:24: error: 'test_array' declared as an array with a negative size
   57 | static int test_array [1 - 2 * !(((long int) (sizeof (unsigned))) <= 0)];
      |                        ^~~~~~~~~~~~~~~~~~~~~~~~~~~~~~~~~~~~~~~~~~~~~~~~
1 error generated.
configure:7756: $? = 1
configure: failed program was:
| /* confdefs.h */
| #define PACKAGE_NAME "iverilog"
| #define PACKAGE_TARNAME "iverilog"
| #define PACKAGE_VERSION "14.0 (devel)"
| #define PACKAGE_STRING "iverilog 14.0 (devel)"
| #define PACKAGE_BUGREPORT ""
| #define PACKAGE_URL ""
| #define HAVE_CXX11 1
| #define HAVE_STDIO_H 1
| #define HAVE_STDLIB_H 1
| #define HAVE_STRING_H 1
| #define HAVE_INTTYPES_H 1
| #define HAVE_STDINT_H 1
| #define HAVE_STRINGS_H 1
| #define HAVE_SYS_STAT_H 1
| #define HAVE_SYS_TYPES_H 1
| #define HAVE_UNISTD_H 1
| #define STDC_HEADERS 1
| #define HAVE_GETOPT_H 1
| #define HAVE_INTTYPES_H 1
| #define HAVE_IOSFWD 1
| #define HAVE_SYS_WAIT_H 1
| #define SIZEOF_UNSIGNED_LONG_LONG 8
| #define SIZEOF_UNSIGNED_LONG 4
| /* end confdefs.h.  */
| #include <stddef.h>
| #ifdef HAVE_STDIO_H
| # include <stdio.h>
| #endif
| #ifdef HAVE_STDLIB_H
| # include <stdlib.h>
| #endif
| #ifdef HAVE_STRING_H
| # include <string.h>
| #endif
| #ifdef HAVE_INTTYPES_H
| # include <inttypes.h>
| #endif
| #ifdef HAVE_STDINT_H
| # include <stdint.h>
| #endif
| #ifdef HAVE_STRINGS_H
| # include <strings.h>
| #endif
| #ifdef HAVE_SYS_TYPES_H
| # include <sys/types.h>
| #endif
| #ifdef HAVE_SYS_STAT_H
| # include <sys/stat.h>
| #endif
| #ifdef HAVE_UNISTD_H
| # include <unistd.h>
| #endif
| int
| main (void)
| {
| static int test_array [1 - 2 * !(((long int) (sizeof (unsigned))) <= 0)];
| test_array [0] = 0;
| return test_array [0];
| 
|   ;
|   return 0;
| }
configure:7756: /emsdk/upstream/emscripten/em++ -std=c++11 -c  -O2 -std=c++11  conftest.cpp >&5
conftest.cpp:57:24: error: 'test_array' declared as an array with a negative size
   57 | static int test_array [1 - 2 * !(((long int) (sizeof (unsigned))) <= 1)];
      |                        ^~~~~~~~~~~~~~~~~~~~~~~~~~~~~~~~~~~~~~~~~~~~~~~~
1 error generated.
configure:7756: $? = 1
configure: failed program was:
| /* confdefs.h */
| #define PACKAGE_NAME "iverilog"
| #define PACKAGE_TARNAME "iverilog"
| #define PACKAGE_VERSION "14.0 (devel)"
| #define PACKAGE_STRING "iverilog 14.0 (devel)"
| #define PACKAGE_BUGREPORT ""
| #define PACKAGE_URL ""
| #define HAVE_CXX11 1
| #define HAVE_STDIO_H 1
| #define HAVE_STDLIB_H 1
| #define HAVE_STRING_H 1
| #define HAVE_INTTYPES_H 1
| #define HAVE_STDINT_H 1
| #define HAVE_STRINGS_H 1
| #define HAVE_SYS_STAT_H 1
| #define HAVE_SYS_TYPES_H 1
| #define HAVE_UNISTD_H 1
| #define STDC_HEADERS 1
| #define HAVE_GETOPT_H 1
| #define HAVE_INTTYPES_H 1
| #define HAVE_IOSFWD 1
| #define HAVE_SYS_WAIT_H 1
| #define SIZEOF_UNSIGNED_LONG_LONG 8
| #define SIZEOF_UNSIGNED_LONG 4
| /* end confdefs.h.  */
| #include <stddef.h>
| #ifdef HAVE_STDIO_H
| # include <stdio.h>
| #endif
| #ifdef HAVE_STDLIB_H
| # include <stdlib.h>
| #endif
| #ifdef HAVE_STRING_H
| # include <string.h>
| #endif
| #ifdef HAVE_INTTYPES_H
| # include <inttypes.h>
| #endif
| #ifdef HAVE_STDINT_H
| # include <stdint.h>
| #endif
| #ifdef HAVE_STRINGS_H
| # include <strings.h>
| #endif
| #ifdef HAVE_SYS_TYPES_H
| # include <sys/types.h>
| #endif
| #ifdef HAVE_SYS_STAT_H
| # include <sys/stat.h>
| #endif
| #ifdef HAVE_UNISTD_H
| # include <unistd.h>
| #endif
| int
| main (void)
| {
| static int test_array [1 - 2 * !(((long int) (sizeof (unsigned))) <= 1)];
| test_array [0] = 0;
| return test_array [0];
| 
|   ;
|   return 0;
| }
configure:7756: /emsdk/upstream/emscripten/em++ -std=c++11 -c  -O2 -std=c++11  conftest.cpp >&5
conftest.cpp:57:24: error: 'test_array' declared as an array with a negative size
   57 | static int test_array [1 - 2 * !(((long int) (sizeof (unsigned))) <= 3)];
      |                        ^~~~~~~~~~~~~~~~~~~~~~~~~~~~~~~~~~~~~~~~~~~~~~~~
1 error generated.
configure:7756: $? = 1
configure: failed program was:
| /* confdefs.h */
| #define PACKAGE_NAME "iverilog"
| #define PACKAGE_TARNAME "iverilog"
| #define PACKAGE_VERSION "14.0 (devel)"
| #define PACKAGE_STRING "iverilog 14.0 (devel)"
| #define PACKAGE_BUGREPORT ""
| #define PACKAGE_URL ""
| #define HAVE_CXX11 1
| #define HAVE_STDIO_H 1
| #define HAVE_STDLIB_H 1
| #define HAVE_STRING_H 1
| #define HAVE_INTTYPES_H 1
| #define HAVE_STDINT_H 1
| #define HAVE_STRINGS_H 1
| #define HAVE_SYS_STAT_H 1
| #define HAVE_SYS_TYPES_H 1
| #define HAVE_UNISTD_H 1
| #define STDC_HEADERS 1
| #define HAVE_GETOPT_H 1
| #define HAVE_INTTYPES_H 1
| #define HAVE_IOSFWD 1
| #define HAVE_SYS_WAIT_H 1
| #define SIZEOF_UNSIGNED_LONG_LONG 8
| #define SIZEOF_UNSIGNED_LONG 4
| /* end confdefs.h.  */
| #include <stddef.h>
| #ifdef HAVE_STDIO_H
| # include <stdio.h>
| #endif
| #ifdef HAVE_STDLIB_H
| # include <stdlib.h>
| #endif
| #ifdef HAVE_STRING_H
| # include <string.h>
| #endif
| #ifdef HAVE_INTTYPES_H
| # include <inttypes.h>
| #endif
| #ifdef HAVE_STDINT_H
| # include <stdint.h>
| #endif
| #ifdef HAVE_STRINGS_H
| # include <strings.h>
| #endif
| #ifdef HAVE_SYS_TYPES_H
| # include <sys/types.h>
| #endif
| #ifdef HAVE_SYS_STAT_H
| # include <sys/stat.h>
| #endif
| #ifdef HAVE_UNISTD_H
| # include <unistd.h>
| #endif
| int
| main (void)
| {
| static int test_array [1 - 2 * !(((long int) (sizeof (unsigned))) <= 3)];
| test_array [0] = 0;
| return test_array [0];
| 
|   ;
|   return 0;
| }
configure:7756: /emsdk/upstream/emscripten/em++ -std=c++11 -c  -O2 -std=c++11  conftest.cpp >&5
configure:7756: $? = 0
configure:7756: /emsdk/upstream/emscripten/em++ -std=c++11 -c  -O2 -std=c++11  conftest.cpp >&5
configure:7756: $? = 0
configure:7756: /emsdk/upstream/emscripten/em++ -std=c++11 -c  -O2 -std=c++11  conftest.cpp >&5
configure:7756: $? = 0
configure:7771: result: 4
configure:7783: checking size of void *
configure:7789: /emsdk/upstream/emscripten/em++ -std=c++11 -c  -O2 -std=c++11  conftest.cpp >&5
configure:7789: $? = 0
configure:7789: /emsdk/upstream/emscripten/em++ -std=c++11 -c  -O2 -std=c++11  conftest.cpp >&5
conftest.cpp:58:24: error: 'test_array' declared as an array with a negative size
   58 | static int test_array [1 - 2 * !(((long int) (sizeof (void *))) <= 0)];
      |                        ^~~~~~~~~~~~~~~~~~~~~~~~~~~~~~~~~~~~~~~~~~~~~~
1 error generated.
configure:7789: $? = 1
configure: failed program was:
| /* confdefs.h */
| #define PACKAGE_NAME "iverilog"
| #define PACKAGE_TARNAME "iverilog"
| #define PACKAGE_VERSION "14.0 (devel)"
| #define PACKAGE_STRING "iverilog 14.0 (devel)"
| #define PACKAGE_BUGREPORT ""
| #define PACKAGE_URL ""
| #define HAVE_CXX11 1
| #define HAVE_STDIO_H 1
| #define HAVE_STDLIB_H 1
| #define HAVE_STRING_H 1
| #define HAVE_INTTYPES_H 1
| #define HAVE_STDINT_H 1
| #define HAVE_STRINGS_H 1
| #define HAVE_SYS_STAT_H 1
| #define HAVE_SYS_TYPES_H 1
| #define HAVE_UNISTD_H 1
| #define STDC_HEADERS 1
| #define HAVE_GETOPT_H 1
| #define HAVE_INTTYPES_H 1
| #define HAVE_IOSFWD 1
| #define HAVE_SYS_WAIT_H 1
| #define SIZEOF_UNSIGNED_LONG_LONG 8
| #define SIZEOF_UNSIGNED_LONG 4
| #define SIZEOF_UNSIGNED 4
| /* end confdefs.h.  */
| #include <stddef.h>
| #ifdef HAVE_STDIO_H
| # include <stdio.h>
| #endif
| #ifdef HAVE_STDLIB_H
| # include <stdlib.h>
| #endif
| #ifdef HAVE_STRING_H
| # include <string.h>
| #endif
| #ifdef HAVE_INTTYPES_H
| # include <inttypes.h>
| #endif
| #ifdef HAVE_STDINT_H
| # include <stdint.h>
| #endif
| #ifdef HAVE_STRINGS_H
| # include <strings.h>
| #endif
| #ifdef HAVE_SYS_TYPES_H
| # include <sys/types.h>
| #endif
| #ifdef HAVE_SYS_STAT_H
| # include <sys/stat.h>
| #endif
| #ifdef HAVE_UNISTD_H
| # include <unistd.h>
| #endif
| int
| main (void)
| {
| static int test_array [1 - 2 * !(((long int) (sizeof (void *))) <= 0)];
| test_array [0] = 0;
| return test_array [0];
| 
|   ;
|   return 0;
| }
configure:7789: /emsdk/upstream/emscripten/em++ -std=c++11 -c  -O2 -std=c++11  conftest.cpp >&5
conftest.cpp:58:24: error: 'test_array' declared as an array with a negative size
   58 | static int test_array [1 - 2 * !(((long int) (sizeof (void *))) <= 1)];
      |                        ^~~~~~~~~~~~~~~~~~~~~~~~~~~~~~~~~~~~~~~~~~~~~~
1 error generated.
configure:7789: $? = 1
configure: failed program was:
| /* confdefs.h */
| #define PACKAGE_NAME "iverilog"
| #define PACKAGE_TARNAME "iverilog"
| #define PACKAGE_VERSION "14.0 (devel)"
| #define PACKAGE_STRING "iverilog 14.0 (devel)"
| #define PACKAGE_BUGREPORT ""
| #define PACKAGE_URL ""
| #define HAVE_CXX11 1
| #define HAVE_STDIO_H 1
| #define HAVE_STDLIB_H 1
| #define HAVE_STRING_H 1
| #define HAVE_INTTYPES_H 1
| #define HAVE_STDINT_H 1
| #define HAVE_STRINGS_H 1
| #define HAVE_SYS_STAT_H 1
| #define HAVE_SYS_TYPES_H 1
| #define HAVE_UNISTD_H 1
| #define STDC_HEADERS 1
| #define HAVE_GETOPT_H 1
| #define HAVE_INTTYPES_H 1
| #define HAVE_IOSFWD 1
| #define HAVE_SYS_WAIT_H 1
| #define SIZEOF_UNSIGNED_LONG_LONG 8
| #define SIZEOF_UNSIGNED_LONG 4
| #define SIZEOF_UNSIGNED 4
| /* end confdefs.h.  */
| #include <stddef.h>
| #ifdef HAVE_STDIO_H
| # include <stdio.h>
| #endif
| #ifdef HAVE_STDLIB_H
| # include <stdlib.h>
| #endif
| #ifdef HAVE_STRING_H
| # include <string.h>
| #endif
| #ifdef HAVE_INTTYPES_H
| # include <inttypes.h>
| #endif
| #ifdef HAVE_STDINT_H
| # include <stdint.h>
| #endif
| #ifdef HAVE_STRINGS_H
| # include <strings.h>
| #endif
| #ifdef HAVE_SYS_TYPES_H
| # include <sys/types.h>
| #endif
| #ifdef HAVE_SYS_STAT_H
| # include <sys/stat.h>
| #endif
| #ifdef HAVE_UNISTD_H
| # include <unistd.h>
| #endif
| int
| main (void)
| {
| static int test_array [1 - 2 * !(((long int) (sizeof (void *))) <= 1)];
| test_array [0] = 0;
| return test_array [0];
| 
|   ;
|   return 0;
| }
configure:7789: /emsdk/upstream/emscripten/em++ -std=c++11 -c  -O2 -std=c++11  conftest.cpp >&5
conftest.cpp:58:24: error: 'test_array' declared as an array with a negative size
   58 | static int test_array [1 - 2 * !(((long int) (sizeof (void *))) <= 3)];
      |                        ^~~~~~~~~~~~~~~~~~~~~~~~~~~~~~~~~~~~~~~~~~~~~~
1 error generated.
configure:7789: $? = 1
configure: failed program was:
| /* confdefs.h */
| #define PACKAGE_NAME "iverilog"
| #define PACKAGE_TARNAME "iverilog"
| #define PACKAGE_VERSION "14.0 (devel)"
| #define PACKAGE_STRING "iverilog 14.0 (devel)"
| #define PACKAGE_BUGREPORT ""
| #define PACKAGE_URL ""
| #define HAVE_CXX11 1
| #define HAVE_STDIO_H 1
| #define HAVE_STDLIB_H 1
| #define HAVE_STRING_H 1
| #define HAVE_INTTYPES_H 1
| #define HAVE_STDINT_H 1
| #define HAVE_STRINGS_H 1
| #define HAVE_SYS_STAT_H 1
| #define HAVE_SYS_TYPES_H 1
| #define HAVE_UNISTD_H 1
| #define STDC_HEADERS 1
| #define HAVE_GETOPT_H 1
| #define HAVE_INTTYPES_H 1
| #define HAVE_IOSFWD 1
| #define HAVE_SYS_WAIT_H 1
| #define SIZEOF_UNSIGNED_LONG_LONG 8
| #define SIZEOF_UNSIGNED_LONG 4
| #define SIZEOF_UNSIGNED 4
| /* end confdefs.h.  */
| #include <stddef.h>
| #ifdef HAVE_STDIO_H
| # include <stdio.h>
| #endif
| #ifdef HAVE_STDLIB_H
| # include <stdlib.h>
| #endif
| #ifdef HAVE_STRING_H
| # include <string.h>
| #endif
| #ifdef HAVE_INTTYPES_H
| # include <inttypes.h>
| #endif
| #ifdef HAVE_STDINT_H
| # include <stdint.h>
| #endif
| #ifdef HAVE_STRINGS_H
| # include <strings.h>
| #endif
| #ifdef HAVE_SYS_TYPES_H
| # include <sys/types.h>
| #endif
| #ifdef HAVE_SYS_STAT_H
| # include <sys/stat.h>
| #endif
| #ifdef HAVE_UNISTD_H
| # include <unistd.h>
| #endif
| int
| main (void)
| {
| static int test_array [1 - 2 * !(((long int) (sizeof (void *))) <= 3)];
| test_array [0] = 0;
| return test_array [0];
| 
|   ;
|   return 0;
| }
configure:7789: /emsdk/upstream/emscripten/em++ -std=c++11 -c  -O2 -std=c++11  conftest.cpp >&5
configure:7789: $? = 0
configure:7789: /emsdk/upstream/emscripten/em++ -std=c++11 -c  -O2 -std=c++11  conftest.cpp >&5
configure:7789: $? = 0
configure:7789: /emsdk/upstream/emscripten/em++ -std=c++11 -c  -O2 -std=c++11  conftest.cpp >&5
configure:7789: $? = 0
configure:7804: result: 4
configure:7814: checking for tputs in -ltermcap
configure:7846: result: no
configure:7856: checking for readline in -lreadline
configure:7888: result: no
configure:7898: checking for add_history in -lreadline
configure:7930: result: no
configure:7940: checking for add_history in -lhistory
configure:7972: result: no
configure:7987: checking for readline/readline.h
configure:7987: /emsdk/upstream/emscripten/em++ -std=c++11 -c  -O2 -std=c++11  conftest.cpp >&5
conftest.cpp:56:10: fatal error: 'readline/readline.h' file not found
   56 | #include <readline/readline.h>
      |          ^~~~~~~~~~~~~~~~~~~~~
1 error generated.
configure:7987: $? = 1
configure: failed program was:
| /* confdefs.h */
| #define PACKAGE_NAME "iverilog"
| #define PACKAGE_TARNAME "iverilog"
| #define PACKAGE_VERSION "14.0 (devel)"
| #define PACKAGE_STRING "iverilog 14.0 (devel)"
| #define PACKAGE_BUGREPORT ""
| #define PACKAGE_URL ""
| #define HAVE_CXX11 1
| #define HAVE_STDIO_H 1
| #define HAVE_STDLIB_H 1
| #define HAVE_STRING_H 1
| #define HAVE_INTTYPES_H 1
| #define HAVE_STDINT_H 1
| #define HAVE_STRINGS_H 1
| #define HAVE_SYS_STAT_H 1
| #define HAVE_SYS_TYPES_H 1
| #define HAVE_UNISTD_H 1
| #define STDC_HEADERS 1
| #define HAVE_GETOPT_H 1
| #define HAVE_INTTYPES_H 1
| #define HAVE_IOSFWD 1
| #define HAVE_SYS_WAIT_H 1
| #define SIZEOF_UNSIGNED_LONG_LONG 8
| #define SIZEOF_UNSIGNED_LONG 4
| #define SIZEOF_UNSIGNED 4
| #define SIZEOF_VOID_P 4
| /* end confdefs.h.  */
| #include <stddef.h>
| #ifdef HAVE_STDIO_H
| # include <stdio.h>
| #endif
| #ifdef HAVE_STDLIB_H
| # include <stdlib.h>
| #endif
| #ifdef HAVE_STRING_H
| # include <string.h>
| #endif
| #ifdef HAVE_INTTYPES_H
| # include <inttypes.h>
| #endif
| #ifdef HAVE_STDINT_H
| # include <stdint.h>
| #endif
| #ifdef HAVE_STRINGS_H
| # include <strings.h>
| #endif
| #ifdef HAVE_SYS_TYPES_H
| # include <sys/types.h>
| #endif
| #ifdef HAVE_SYS_STAT_H
| # include <sys/stat.h>
| #endif
| #ifdef HAVE_UNISTD_H
| # include <unistd.h>
| #endif
| #include <readline/readline.h>
configure:7987: result: no
configure:7993: checking for readline/history.h
configure:7993: /emsdk/upstream/emscripten/em++ -std=c++11 -c  -O2 -std=c++11  conftest.cpp >&5
conftest.cpp:56:10: fatal error: 'readline/history.h' file not found
   56 | #include <readline/history.h>
      |          ^~~~~~~~~~~~~~~~~~~~
1 error generated.
configure:7993: $? = 1
configure: failed program was:
| /* confdefs.h */
| #define PACKAGE_NAME "iverilog"
| #define PACKAGE_TARNAME "iverilog"
| #define PACKAGE_VERSION "14.0 (devel)"
| #define PACKAGE_STRING "iverilog 14.0 (devel)"
| #define PACKAGE_BUGREPORT ""
| #define PACKAGE_URL ""
| #define HAVE_CXX11 1
| #define HAVE_STDIO_H 1
| #define HAVE_STDLIB_H 1
| #define HAVE_STRING_H 1
| #define HAVE_INTTYPES_H 1
| #define HAVE_STDINT_H 1
| #define HAVE_STRINGS_H 1
| #define HAVE_SYS_STAT_H 1
| #define HAVE_SYS_TYPES_H 1
| #define HAVE_UNISTD_H 1
| #define STDC_HEADERS 1
| #define HAVE_GETOPT_H 1
| #define HAVE_INTTYPES_H 1
| #define HAVE_IOSFWD 1
| #define HAVE_SYS_WAIT_H 1
| #define SIZEOF_UNSIGNED_LONG_LONG 8
| #define SIZEOF_UNSIGNED_LONG 4
| #define SIZEOF_UNSIGNED 4
| #define SIZEOF_VOID_P 4
| /* end confdefs.h.  */
| #include <stddef.h>
| #ifdef HAVE_STDIO_H
| # include <stdio.h>
| #endif
| #ifdef HAVE_STDLIB_H
| # include <stdlib.h>
| #endif
| #ifdef HAVE_STRING_H
| # include <string.h>
| #endif
| #ifdef HAVE_INTTYPES_H
| # include <inttypes.h>
| #endif
| #ifdef HAVE_STDINT_H
| # include <stdint.h>
| #endif
| #ifdef HAVE_STRINGS_H
| # include <strings.h>
| #endif
| #ifdef HAVE_SYS_TYPES_H
| # include <sys/types.h>
| #endif
| #ifdef HAVE_SYS_STAT_H
| # include <sys/stat.h>
| #endif
| #ifdef HAVE_UNISTD_H
| # include <unistd.h>
| #endif
| #include <readline/history.h>
configure:7993: result: no
configure:7999: checking for sys/resource.h
configure:7999: /emsdk/upstream/emscripten/em++ -std=c++11 -c  -O2 -std=c++11  conftest.cpp >&5
configure:7999: $? = 0
configure:7999: result: yes
configure:8011: checking for pthread_create in -lpthread
configure:8043: result: no
configure:8053: checking for gzwrite in -lz
configure:8085: result: no
configure:8095: checking for gzwrite in -lz
configure:8127: result: no
configure:8222: checking for BZ2_bzdopen in -lbz2
configure:8254: result: no
configure:8264: checking for BZ2_bzdopen in -lbz2
configure:8296: result: no
configure:8310: checking for size_t
configure:8310: /emsdk/upstream/emscripten/em++ -std=c++11 -c  -O2 -std=c++11  conftest.cpp >&5
configure:8310: $? = 0
configure:8310: /emsdk/upstream/emscripten/em++ -std=c++11 -c  -O2 -std=c++11  conftest.cpp >&5
conftest.cpp:60:21: error: expected expression
   60 | if (sizeof ((size_t)))
      |                     ^
1 error generated.
configure:8310: $? = 1
configure: failed program was:
| /* confdefs.h */
| #define PACKAGE_NAME "iverilog"
| #define PACKAGE_TARNAME "iverilog"
| #define PACKAGE_VERSION "14.0 (devel)"
| #define PACKAGE_STRING "iverilog 14.0 (devel)"
| #define PACKAGE_BUGREPORT ""
| #define PACKAGE_URL ""
| #define HAVE_CXX11 1
| #define HAVE_STDIO_H 1
| #define HAVE_STDLIB_H 1
| #define HAVE_STRING_H 1
| #define HAVE_INTTYPES_H 1
| #define HAVE_STDINT_H 1
| #define HAVE_STRINGS_H 1
| #define HAVE_SYS_STAT_H 1
| #define HAVE_SYS_TYPES_H 1
| #define HAVE_UNISTD_H 1
| #define STDC_HEADERS 1
| #define HAVE_GETOPT_H 1
| #define HAVE_INTTYPES_H 1
| #define HAVE_IOSFWD 1
| #define HAVE_SYS_WAIT_H 1
| #define SIZEOF_UNSIGNED_LONG_LONG 8
| #define SIZEOF_UNSIGNED_LONG 4
| #define SIZEOF_UNSIGNED 4
| #define SIZEOF_VOID_P 4
| #define HAVE_SYS_RESOURCE_H 1
| /* end confdefs.h.  */
| #include <stddef.h>
| #ifdef HAVE_STDIO_H
| # include <stdio.h>
| #endif
| #ifdef HAVE_STDLIB_H
| # include <stdlib.h>
| #endif
| #ifdef HAVE_STRING_H
| # include <string.h>
| #endif
| #ifdef HAVE_INTTYPES_H
| # include <inttypes.h>
| #endif
| #ifdef HAVE_STDINT_H
| # include <stdint.h>
| #endif
| #ifdef HAVE_STRINGS_H
| # include <strings.h>
| #endif
| #ifdef HAVE_SYS_TYPES_H
| # include <sys/types.h>
| #endif
| #ifdef HAVE_SYS_STAT_H
| # include <sys/stat.h>
| #endif
| #ifdef HAVE_UNISTD_H
| # include <unistd.h>
| #endif
| int
| main (void)
| {
| if (sizeof ((size_t)))
| 	    return 0;
|   ;
|   return 0;
| }
configure:8310: result: yes
configure:8322: checking for working alloca.h
configure:8340: /emsdk/upstream/emscripten/em++ -std=c++11 -o conftest  -O2 -std=c++11    conftest.cpp  >&5
configure:8340: $? = 0
configure:8349: result: yes
configure:8357: checking for alloca
configure:8402: result: yes
configure:8469: checking for _LARGEFILE_SOURCE value needed for large files
configure:8489: /emsdk/upstream/emscripten/em++ -std=c++11 -o conftest  -O2 -std=c++11    conftest.cpp  >&5
configure:8489: $? = 0
configure:8519: result: no
configure:8560: Building with libvvp support disabled
configure:8591: Not using valgrind hooks
configure:8606: checking for sys/times
configure:8621: /emsdk/upstream/emscripten/em++ -std=c++11 -o conftest  -O2 -std=c++11    conftest.cpp  >&5
configure:8621: $? = 0
configure:8633: result: yes
configure:8643: checking for dlfcn.h
configure:8643: /emsdk/upstream/emscripten/em++ -std=c++11 -c  -O2 -std=c++11  conftest.cpp >&5
configure:8643: $? = 0
configure:8643: result: yes
configure:8655: checking for dlopen in -ldl
configure:8677: /emsdk/upstream/emscripten/em++ -std=c++11 -o conftest  -O2 -std=c++11    conftest.cpp -ldl   >&5
wasm-ld: warning: function signature mismatch: dlopen
>>> defined as () -> i32 in /tmp/emscripten_temp_9fai1cnm/conftest.o
>>> defined as (i32, i32) -> i32 in /emsdk/upstream/emscripten/cache/sysroot/lib/wasm32-emscripten/libstubs.a(emscripten_libc_stubs.o)
configure:8677: $? = 0
configure:8687: result: yes
configure:8757: checking for a BSD-compatible install
configure:8830: result: /usr/bin/install -c
configure:8848: checking whether byte ordering is bigendian
configure:8864: /emsdk/upstream/emscripten/emcc -c  -O2  conftest.c >&5
conftest.c:35:9: error: unknown type name 'not'
   35 |                not a universal capable compiler
      |                ^
conftest.c:35:14: error: expected ';' after top level declarator
   35 |                not a universal capable compiler
      |                     ^
      |                     ;
2 errors generated.
configure:8864: $? = 1
configure: failed program was:
| /* confdefs.h */
| #define PACKAGE_NAME "iverilog"
| #define PACKAGE_TARNAME "iverilog"
| #define PACKAGE_VERSION "14.0 (devel)"
| #define PACKAGE_STRING "iverilog 14.0 (devel)"
| #define PACKAGE_BUGREPORT ""
| #define PACKAGE_URL ""
| #define HAVE_CXX11 1
| #define HAVE_STDIO_H 1
| #define HAVE_STDLIB_H 1
| #define HAVE_STRING_H 1
| #define HAVE_INTTYPES_H 1
| #define HAVE_STDINT_H 1
| #define HAVE_STRINGS_H 1
| #define HAVE_SYS_STAT_H 1
| #define HAVE_SYS_TYPES_H 1
| #define HAVE_UNISTD_H 1
| #define STDC_HEADERS 1
| #define HAVE_GETOPT_H 1
| #define HAVE_INTTYPES_H 1
| #define HAVE_IOSFWD 1
| #define HAVE_SYS_WAIT_H 1
| #define SIZEOF_UNSIGNED_LONG_LONG 8
| #define SIZEOF_UNSIGNED_LONG 4
| #define SIZEOF_UNSIGNED 4
| #define SIZEOF_VOID_P 4
| #define HAVE_SYS_RESOURCE_H 1
| #define HAVE_ALLOCA_H 1
| #define HAVE_ALLOCA 1
| #define HAVE_FSEEKO 1
| #define HAVE_TIMES 1
| #define HAVE_DLFCN_H 1
| /* end confdefs.h.  */
| #ifndef __APPLE_CC__
| 	       not a universal capable compiler
| 	     #endif
| 	     typedef int dummy;
| 
configure:8910: /emsdk/upstream/emscripten/emcc -c  -O2  conftest.c >&5
configure:8910: $? = 0
configure:8929: /emsdk/upstream/emscripten/emcc -c  -O2  conftest.c >&5
conftest.c:41:4: error: use of undeclared identifier 'not'
   41 |                  not big endian
      |                  ^~~
1 error generated.
configure:8929: $? = 1
configure: failed program was:
| /* confdefs.h */
| #define PACKAGE_NAME "iverilog"
| #define PACKAGE_TARNAME "iverilog"
| #define PACKAGE_VERSION "14.0 (devel)"
| #define PACKAGE_STRING "iverilog 14.0 (devel)"
| #define PACKAGE_BUGREPORT ""
| #define PACKAGE_URL ""
| #define HAVE_CXX11 1
| #define HAVE_STDIO_H 1
| #define HAVE_STDLIB_H 1
| #define HAVE_STRING_H 1
| #define HAVE_INTTYPES_H 1
| #define HAVE_STDINT_H 1
| #define HAVE_STRINGS_H 1
| #define HAVE_SYS_STAT_H 1
| #define HAVE_SYS_TYPES_H 1
| #define HAVE_UNISTD_H 1
| #define STDC_HEADERS 1
| #define HAVE_GETOPT_H 1
| #define HAVE_INTTYPES_H 1
| #define HAVE_IOSFWD 1
| #define HAVE_SYS_WAIT_H 1
| #define SIZEOF_UNSIGNED_LONG_LONG 8
| #define SIZEOF_UNSIGNED_LONG 4
| #define SIZEOF_UNSIGNED 4
| #define SIZEOF_VOID_P 4
| #define HAVE_SYS_RESOURCE_H 1
| #define HAVE_ALLOCA_H 1
| #define HAVE_ALLOCA 1
| #define HAVE_FSEEKO 1
| #define HAVE_TIMES 1
| #define HAVE_DLFCN_H 1
| /* end confdefs.h.  */
| #include <sys/types.h>
| 		#include <sys/param.h>
| 
| int
| main (void)
| {
| #if BYTE_ORDER != BIG_ENDIAN
| 		 not big endian
| 		#endif
| 
|   ;
|   return 0;
| }
configure:9063: result: no
configure:9102: checking for extra libs needed
configure:9113: result: 
configure:9119: checking for flag to make position independent code
configure:9144: result: -fPIC
configure:9220: checking for realpath
configure:9220: /emsdk/upstream/emscripten/emcc -o conftest  -O2    conftest.c  >&5
wasm-ld: warning: function signature mismatch: realpath
>>> defined as () -> i32 in /tmp/emscripten_temp_bpwnsgv5/conftest.o
>>> defined as (i32, i32) -> i32 in /emsdk/upstream/emscripten/cache/sysroot/lib/wasm32-emscripten/libc.a(realpath.o)
configure:9220: $? = 0
configure:9220: result: yes
configure:9230: checking for fopen64
configure:9230: /emsdk/upstream/emscripten/emcc -o conftest  -O2    conftest.c  >&5
wasm-ld: error: /tmp/emscripten_temp_stgv62_6/conftest.o: undefined symbol: fopen64
emcc: error: '/emsdk/upstream/bin/wasm-ld -o conftest.wasm /tmp/tmp57g7rx10libemscripten_js_symbols.so --strip-debug --export=_emscripten_stack_alloc --export=__funcs_on_exit --export=__wasm_call_ctors --export=emscripten_stack_get_current --export=_emscripten_stack_restore --export-if-defined=__start_em_asm --export-if-defined=__stop_em_asm --export-if-defined=__start_em_lib_deps --export-if-defined=__stop_em_lib_deps --export-if-defined=__start_em_js --export-if-defined=__stop_em_js --export-if-defined=main --export-if-defined=__main_argc_argv --export-if-defined=fflush --export-table -z stack-size=65536 --no-growable-memory --initial-heap=16777216 --no-entry --no-stack-first --table-base=1 --global-base=1024 /tmp/emscripten_temp_stgv62_6/conftest.o -L/emsdk/upstream/emscripten/cache/sysroot/lib/wasm32-emscripten -L/emsdk/upstream/emscripten/src/lib -lGL-getprocaddr -lal -lhtml5 -lstubs -lc -ldlmalloc -lcompiler_rt -lc++-noexcept -lc++abi-noexcept -lsockets -mllvm -combiner-global-alias-analysis=false -mllvm -enable-emscripten-sjlj -mllvm -disable-lsr' failed (returned 1)
configure:9230: $? = 1
configure: failed program was:
| /* confdefs.h */
| #define PACKAGE_NAME "iverilog"
| #define PACKAGE_TARNAME "iverilog"
| #define PACKAGE_VERSION "14.0 (devel)"
| #define PACKAGE_STRING "iverilog 14.0 (devel)"
| #define PACKAGE_BUGREPORT ""
| #define PACKAGE_URL ""
| #define HAVE_CXX11 1
| #define HAVE_STDIO_H 1
| #define HAVE_STDLIB_H 1
| #define HAVE_STRING_H 1
| #define HAVE_INTTYPES_H 1
| #define HAVE_STDINT_H 1
| #define HAVE_STRINGS_H 1
| #define HAVE_SYS_STAT_H 1
| #define HAVE_SYS_TYPES_H 1
| #define HAVE_UNISTD_H 1
| #define STDC_HEADERS 1
| #define HAVE_GETOPT_H 1
| #define HAVE_INTTYPES_H 1
| #define HAVE_IOSFWD 1
| #define HAVE_SYS_WAIT_H 1
| #define SIZEOF_UNSIGNED_LONG_LONG 8
| #define SIZEOF_UNSIGNED_LONG 4
| #define SIZEOF_UNSIGNED 4
| #define SIZEOF_VOID_P 4
| #define HAVE_SYS_RESOURCE_H 1
| #define HAVE_ALLOCA_H 1
| #define HAVE_ALLOCA 1
| #define HAVE_FSEEKO 1
| #define HAVE_TIMES 1
| #define HAVE_DLFCN_H 1
| #define HAVE_REALPATH 1
| /* end confdefs.h.  */
| /* Define fopen64 to an innocuous variant, in case <limits.h> declares fopen64.
|    For example, HP-UX 11i <limits.h> declares gettimeofday.  */
| #define fopen64 innocuous_fopen64
| 
| /* System header to define __stub macros and hopefully few prototypes,
|    which can conflict with char fopen64 (); below.  */
| 
| #include <limits.h>
| #undef fopen64
| 
| /* Override any GCC internal prototype to avoid an error.
|    Use char because int might match the return type of a GCC
|    builtin and then its argument prototype would still apply.  */
| #ifdef __cplusplus
| extern "C"
| #endif
| char fopen64 ();
| /* The GNU C library defines this for functions which it implements
|     to always fail with ENOSYS.  Some functions are actually named
|     something starting with __ and the normal name is an alias.  */
| #if defined __stub_fopen64 || defined __stub___fopen64
| choke me
| #endif
| 
| int
| main (void)
| {
| return fopen64 ();
|   ;
|   return 0;
| }
configure:9230: result: no
configure:9242: checking for library containing lround
configure:9272: /emsdk/upstream/emscripten/emcc -o conftest  -O2    conftest.c  >&5
conftest.c:39:6: warning: incompatible redeclaration of library function 'lround' [-Wincompatible-library-redeclaration]
   39 | char lround ();
      |      ^
conftest.c:39:6: note: 'lround' is a builtin with type 'long (double)'
1 warning generated.
wasm-ld: warning: function signature mismatch: lround
>>> defined as () -> i32 in /tmp/emscripten_temp_50rcvt9v/conftest.o
>>> defined as (f64) -> i32 in /emsdk/upstream/emscripten/cache/sysroot/lib/wasm32-emscripten/libc.a(lround.o)
configure:9272: $? = 0
configure:9292: result: none required
configure:9302: checking for library containing llround
configure:9332: /emsdk/upstream/emscripten/emcc -o conftest  -O2    conftest.c  >&5
conftest.c:40:6: warning: incompatible redeclaration of library function 'llround' [-Wincompatible-library-redeclaration]
   40 | char llround ();
      |      ^
conftest.c:40:6: note: 'llround' is a builtin with type 'long long (double)'
1 warning generated.
wasm-ld: warning: function signature mismatch: llround
>>> defined as () -> i32 in /tmp/emscripten_temp_iwob11_w/conftest.o
>>> defined as (f64) -> i64 in /emsdk/upstream/emscripten/cache/sysroot/lib/wasm32-emscripten/libc.a(llround.o)
configure:9332: $? = 0
configure:9352: result: none required
configure:9362: checking for library containing nan
configure:9392: /emsdk/upstream/emscripten/emcc -o conftest  -O2    conftest.c  >&5
conftest.c:41:6: warning: incompatible redeclaration of library function 'nan' [-Wincompatible-library-redeclaration]
   41 | char nan ();
      |      ^
conftest.c:41:6: note: 'nan' is a builtin with type 'double (const char *)'
1 warning generated.
wasm-ld: warning: function signature mismatch: nan
>>> defined as () -> i32 in /tmp/emscripten_temp_nstad2ss/conftest.o
>>> defined as (i32) -> f64 in /emsdk/upstream/emscripten/cache/sysroot/lib/wasm32-emscripten/libc.a(nan.o)
configure:9392: $? = 0
configure:9412: result: none required
configure:9422: checking for library containing fmin
configure:9452: /emsdk/upstream/emscripten/emcc -o conftest  -O2    conftest.c  >&5
conftest.c:42:6: warning: incompatible redeclaration of library function 'fmin' [-Wincompatible-library-redeclaration]
   42 | char fmin ();
      |      ^
conftest.c:42:6: note: 'fmin' is a builtin with type 'double (double, double)'
1 warning generated.
wasm-ld: warning: function signature mismatch: fmin
>>> defined as () -> i32 in /tmp/emscripten_temp_3gkgl1jw/conftest.o
>>> defined as (f64, f64) -> f64 in /emsdk/upstream/emscripten/cache/sysroot/lib/wasm32-emscripten/libc.a(fmin.o)
configure:9452: $? = 0
configure:9472: result: none required
configure:9482: checking for library containing fmax
configure:9512: /emsdk/upstream/emscripten/emcc -o conftest  -O2    conftest.c  >&5
conftest.c:43:6: warning: incompatible redeclaration of library function 'fmax' [-Wincompatible-library-redeclaration]
   43 | char fmax ();
      |      ^
conftest.c:43:6: note: 'fmax' is a builtin with type 'double (double, double)'
1 warning generated.
wasm-ld: warning: function signature mismatch: fmax
>>> defined as () -> i32 in /tmp/emscripten_temp_07a0by1h/conftest.o
>>> defined as (f64, f64) -> f64 in /emsdk/upstream/emscripten/cache/sysroot/lib/wasm32-emscripten/libc.a(fmax.o)
configure:9512: $? = 0
configure:9532: result: none required
configure:9556: checking if uint64_t and unsigned long are identical
configure:9581: /emsdk/upstream/emscripten/em++ -std=c++11 -c  -O2 -std=c++11  conftest.cpp >&5
configure:9581: $? = 0
configure:9583: result: no
configure:9593: checking for -rdynamic compiler flag
configure:9629: result: -rdynamic
configure:9637: checking for shared library link flag
configure:9669: result: -shared
configure:9678: checking for leading underscores
configure:9688: /emsdk/upstream/emscripten/em++ -std=c++11 -c  -O2 -std=c++11  conftest.cpp >&5
configure:9688: $? = 0
configure:9702: result: no
configure:9710: checking for trailing underscores
configure:9720: /emsdk/upstream/emscripten/em++ -std=c++11 -c  -O2 -std=c++11  conftest.cpp >&5
configure:9720: $? = 0
configure:9734: result: no
configure:9751: checking for sanity of prefix
configure:9757: result: ok
configure:9760: checking for sanity of exec_prefix
configure:9766: result: ok
configure:9769: checking for sanity of libdir
configure:9775: result: ok
configure:9886: creating ./config.status

## ---------------------- ##
## Running config.status. ##
## ---------------------- ##

This file was extended by iverilog config.status 14.0 (devel), which was
generated by GNU Autoconf 2.71.  Invocation command line was

  CONFIG_FILES    = 
  CONFIG_HEADERS  = 
  CONFIG_LINKS    = 
  CONFIG_COMMANDS = 
  $ ./config.status 

on 1eafdb78ee6f

config.status:911: creating version_base.h
config.status:911: creating Makefile
config.status:911: creating cadpli/Makefile
config.status:911: creating driver-vpi/Makefile
config.status:911: creating driver-vpi/iverilog-vpi.man
config.status:911: creating driver-vpi/res.rc
config.status:911: creating driver/Makefile
config.status:911: creating driver/iverilog.man
config.status:911: creating ivlpp/Makefile
config.status:911: creating ivtest/Makefile
config.status:911: creating libveriuser/Makefile
config.status:911: creating tgt-blif/Makefile
config.status:911: creating tgt-fpga/Makefile
config.status:911: creating tgt-null/Makefile
config.status:911: creating tgt-pal/Makefile
config.status:911: creating tgt-pcb/Makefile
config.status:911: creating tgt-sizer/Makefile
config.status:911: creating tgt-stub/Makefile
config.status:911: creating tgt-verilog/Makefile
config.status:911: creating tgt-vhdl/Makefile
config.status:911: creating tgt-vlog95/Makefile
config.status:911: creating tgt-vvp/Makefile
config.status:911: creating vhdlpp/Makefile
config.status:911: creating vpi/Makefile
config.status:911: creating vvp/Makefile
config.status:911: creating vvp/libvvp.pc
config.status:911: creating vvp/vvp.man
config.status:911: creating config.h
config.status:911: creating _pli_types.h
config.status:911: creating vhdlpp/vhdlpp_config.h
config.status:911: creating vvp/config.h
config.status:911: creating vpi/vpi_config.h
config.status:911: creating libveriuser/config.h
config.status:911: creating tgt-vvp/vvp_config.h
config.status:911: creating tgt-vhdl/vhdl_config.h
config.status:911: creating tgt-pcb/pcb_config.h

## ---------------- ##
## Cache variables. ##
## ---------------- ##

ac_cv_build=x86_64-pc-linux-gnu
ac_cv_build_prog_CPP='gcc -E'
ac_cv_build_prog_cc_c11=
ac_cv_build_prog_cc_g=yes
ac_cv_build_prog_cc_stdc=
ac_cv_c_bigendian=no
ac_cv_c_compiler_gnu=yes
ac_cv_c_undeclared_builtin_options='none needed'
ac_cv_cxx_compiler_gnu=yes
ac_cv_cxx_undeclared_builtin_options='none needed'
ac_cv_env_CCC_set=
ac_cv_env_CCC_value=
ac_cv_env_CC_set=set
ac_cv_env_CC_value=/emsdk/upstream/emscripten/emcc
ac_cv_env_CFLAGS_set=set
ac_cv_env_CFLAGS_value=-O2
ac_cv_env_CPPFLAGS_set=
ac_cv_env_CPPFLAGS_value=
ac_cv_env_CPP_set=
ac_cv_env_CPP_value=
ac_cv_env_CXXFLAGS_set=set
ac_cv_env_CXXFLAGS_value=-O2
ac_cv_env_CXX_set=set
ac_cv_env_CXX_value=/emsdk/upstream/emscripten/em++
ac_cv_env_LDFLAGS_set=
ac_cv_env_LDFLAGS_value=
ac_cv_env_LIBS_set=
ac_cv_env_LIBS_value=
ac_cv_env_build_alias_set=set
ac_cv_env_build_alias_value=x86_64-linux-gnu
ac_cv_env_host_alias_set=set
ac_cv_env_host_alias_value=wasm32-unknown-emscripten
ac_cv_env_target_alias_set=
ac_cv_env_target_alias_value=
ac_cv_exeext=
ac_cv_func_alloca_works=yes
ac_cv_func_fopen64=no
ac_cv_func_realpath=yes
ac_cv_have_decl___SUNPRO_C=no
ac_cv_have_decl___SUNPRO_CC=no
ac_cv_header_dlfcn_h=yes
ac_cv_header_getopt_h=yes
ac_cv_header_inttypes_h=yes
ac_cv_header_iosfwd=yes
ac_cv_header_libiberty_h=no
ac_cv_header_readline_history_h=no
ac_cv_header_readline_readline_h=no
ac_cv_header_stdint_h=yes
ac_cv_header_stdio_h=yes
ac_cv_header_stdlib_h=yes
ac_cv_header_string_h=yes
ac_cv_header_strings_h=yes
ac_cv_header_sys_resource_h=yes
ac_cv_header_sys_stat_h=yes
ac_cv_header_sys_types_h=yes
ac_cv_header_sys_wait_h=yes
ac_cv_header_unistd_h=yes
ac_cv_host=wasm32-unknown-emscripten
ac_cv_host_c_compiler_gnu=yes
ac_cv_host_exeext=
ac_cv_host_objext=o
ac_cv_lib_bz2_BZ2_bzdopen=no
ac_cv_lib_bz2_main=no
ac_cv_lib_dl_dlopen=yes
ac_cv_lib_history_add_history=no
ac_cv_lib_pthread_pthread_create=no
ac_cv_lib_readline_add_history=no
ac_cv_lib_readline_readline=no
ac_cv_lib_termcap_tputs=no
ac_cv_lib_z_gzwrite=no
ac_cv_objext=o
ac_cv_path_install='/usr/bin/install -c'
ac_cv_prog_AR=/emsdk/upstream/emscripten/emar
ac_cv_prog_CC=/emsdk/upstream/emscripten/emcc
ac_cv_prog_CPP='/emsdk/upstream/emscripten/emcc -E'
ac_cv_prog_GIT=git
ac_cv_prog_LD=/emsdk/upstream/emscripten/emcc
ac_cv_prog_LEX=flex
ac_cv_prog_MAN=man
ac_cv_prog_RANLIB=/emsdk/upstream/emscripten/emranlib
ac_cv_prog_XGPERF=gperf
ac_cv_prog_YACC=bison
ac_cv_prog_ac_ct_CC_FOR_BUILD=gcc
ac_cv_prog_ac_ct_STRIP=strip
ac_cv_prog_cc_c11=
ac_cv_prog_cc_g=yes
ac_cv_prog_cc_stdc=
ac_cv_prog_cxx_cxx11=
ac_cv_prog_cxx_g=yes
ac_cv_prog_cxx_stdcxx=
ac_cv_search_fmax='none required'
ac_cv_search_fmin='none required'
ac_cv_search_llround='none required'
ac_cv_search_lround='none required'
ac_cv_search_nan='none required'
ac_cv_sizeof_unsigned=4
ac_cv_sizeof_unsigned_long=4
ac_cv_sizeof_unsigned_long_long=8
ac_cv_sizeof_void_p=4
ac_cv_sys_largefile_source=no
ac_cv_type_size_t=yes
ac_cv_working_alloca_h=yes
ax_cv_c_underscores_leading=no
ax_cv_c_underscores_trailing=no
ax_cv_cxx_compile_cxx11__std_cpp11=yes

## ----------------- ##
## Output variables. ##
## ----------------- ##

ALLOCA=''
AR='/emsdk/upstream/emscripten/emar'
BUILD_EXEEXT=''
BUILD_OBJEXT='o'
CC='/emsdk/upstream/emscripten/emcc'
CC_FOR_BUILD='gcc'
CFLAGS=' -O2'
CFLAGS_FOR_BUILD='-g -O2'
CPP='/emsdk/upstream/emscripten/emcc -E'
CPPFLAGS=''
CPPFLAGS_FOR_BUILD=''
CPP_FOR_BUILD='gcc -E'
CTARGETFLAGS=''
CXX='/emsdk/upstream/emscripten/em++ -std=c++11'
CXXFLAGS=' -O2 -std=c++11'
DEFS='-DHAVE_CONFIG_H'
DEPENDENCY_FLAG='-MD'
DLLIB='-ldl'
ECHO_C=''
ECHO_N='-n'
ECHO_T=''
ENV_VVP=''
EXEEXT=''
EXTRALIBS=''
GIT='git'
GROFF='none'
HAVE_CXX11='1'
HAVE_LIBBZ2='no'
HAVE_LIBZ='no'
INSTALL_DATA='${INSTALL} -m 644'
INSTALL_PROGRAM='${INSTALL}'
INSTALL_SCRIPT='${INSTALL}'
LD='/emsdk/upstream/emscripten/emcc'
LDFLAGS=' '
LDFLAGS_FOR_BUILD=''
LDRELOCFLAGS=''
LDTARGETFLAGS=''
LEX='flex'
LIBOBJS=''
LIBS=''
LIBVERIUSER='no'
LIBVVP='no'
LIBVVP_SOVERSION='1'
LIBVVP_VERSION='1.14.0'
LTLIBOBJS=''
MAN='man'
MINGW32='no'
OBJEXT='o'
PACKAGE_BUGREPORT=''
PACKAGE_NAME='iverilog'
PACKAGE_STRING='iverilog 14.0 (devel)'
PACKAGE_TARNAME='iverilog'
PACKAGE_URL=''
PACKAGE_VERSION='14.0 (devel)'
PATH_SEP='/'
PATH_SEPARATOR=':'
PICFLAG='-fPIC'
PRODUCTVERSION='14,0,0,0'
PS2PDF='none'
RANLIB='/emsdk/upstream/emscripten/emranlib'
SHELL='/bin/bash'
STRIP='strip'
VERSION='14.0 (devel)'
VERSION_EXTRA=' (devel)'
VERSION_MAJOR='14'
VERSION_MINOR='0'
WARNING_FLAGS='-Wall -Wextra -Wshadow'
WARNING_FLAGS_CC='-Wstrict-prototypes'
WARNING_FLAGS_CXX=''
WIN32='no'
WINDRES='false'
XGPERF='gperf'
YACC='bison'
ac_ct_CC=''
ac_ct_CC_FOR_BUILD='gcc'
ac_ct_CXX=''
bindir='${exec_prefix}/bin'
build='x86_64-pc-linux-gnu'
build_alias='x86_64-linux-gnu'
build_cpu='x86_64'
build_os='linux-gnu'
build_vendor='pc'
datadir='${datarootdir}'
datarootdir='${prefix}/share'
docdir='${datarootdir}/doc/${PACKAGE_TARNAME}'
dvidir='${docdir}'
exec_prefix='${prefix}'
file64_support=''
host='wasm32-unknown-emscripten'
host_alias='wasm32-unknown-emscripten'
host_cpu='wasm32'
host_os='emscripten'
host_vendor='unknown'
htmldir='${docdir}'
includedir='${prefix}/include'
infodir='${datarootdir}/info'
install_suffix=''
libdir='${exec_prefix}/lib'
libexecdir='${exec_prefix}/libexec'
localedir='${datarootdir}/locale'
localstatedir='${prefix}/var'
mandir='${datarootdir}/man'
oldincludedir='/usr/include'
pdfdir='${docdir}'
prefix='/usr/local'
program_transform_name='s,x,x,'
psdir='${docdir}'
rdynamic='-rdynamic'
runstatedir='${localstatedir}/run'
sbindir='${exec_prefix}/sbin'
shared='-shared'
sharedstatedir='${prefix}/com'
strip_dynamic=''
sysconfdir='${prefix}/etc'
target_alias=''

## ----------- ##
## confdefs.h. ##
## ----------- ##

/* confdefs.h */
#define PACKAGE_NAME "iverilog"
#define PACKAGE_TARNAME "iverilog"
#define PACKAGE_VERSION "14.0 (devel)"
#define PACKAGE_STRING "iverilog 14.0 (devel)"
#define PACKAGE_BUGREPORT ""
#define PACKAGE_URL ""
#define HAVE_CXX11 1
#define HAVE_STDIO_H 1
#define HAVE_STDLIB_H 1
#define HAVE_STRING_H 1
#define HAVE_INTTYPES_H 1
#define HAVE_STDINT_H 1
#define HAVE_STRINGS_H 1
#define HAVE_SYS_STAT_H 1
#define HAVE_SYS_TYPES_H 1
#define HAVE_UNISTD_H 1
#define STDC_HEADERS 1
#define HAVE_GETOPT_H 1
#define HAVE_INTTYPES_H 1
#define HAVE_IOSFWD 1
#define HAVE_SYS_WAIT_H 1
#define SIZEOF_UNSIGNED_LONG_LONG 8
#define SIZEOF_UNSIGNED_LONG 4
#define SIZEOF_UNSIGNED 4
#define SIZEOF_VOID_P 4
#define HAVE_SYS_RESOURCE_H 1
#define HAVE_ALLOCA_H 1
#define HAVE_ALLOCA 1
#define HAVE_FSEEKO 1
#define HAVE_TIMES 1
#define HAVE_DLFCN_H 1
#define HAVE_REALPATH 1
#define HAVE_LROUND 1
#define HAVE_LLROUND 1
#define HAVE_NAN 1
#define HAVE_FMIN 1
#define HAVE_FMAX 1

configure: exit 0
